07-25 11:30:48.298  5282  5504 D MARs:ActiveTrafficFilter: filter : com.Slack(0)
07-25 11:32:18.715  5282  5504 D MARs:ActiveTrafficFilter: filter : com.Slack(0)
07-25 11:32:33.779  5282  5504 D MARs:ActiveTrafficFilter: filter : com.Slack(0)
07-25 11:32:48.849  5282  5504 D MARs:ActiveTrafficFilter: filter : com.Slack(0)
07-25 11:33:03.906  5282  5504 D MARs:ActiveTrafficFilter: filter : com.Slack(0)
07-25 11:33:49.100  5282  5504 D MARs:ActiveTrafficFilter: filter : com.Slack(0)
07-25 11:35:04.446  5282  5504 D MARs:ActiveTrafficFilter: filter : com.Slack(0)
07-25 11:35:19.527  5282  5504 D MARs:ActiveTrafficFilter: filter : com.Slack(0)
07-25 11:35:34.632  5282  5504 D MARs:ActiveTrafficFilter: filter : com.Slack(0)
07-25 11:37:50.143  5282  5504 D MARs:ActiveTrafficFilter: filter : com.Slack(0)
07-25 11:38:47.288  5282  5894 I Pageboost: start alp : com.Slack
07-25 11:38:47.289  5282  5897 I Pageboost: alp skip : com.Slack , 2
07-25 11:38:47.292  5910  5910 D StartingSurfaceDrawer: preloadSplashScreenAppIcon com.Slack
07-25 11:38:47.393  5282  5995 I ActivityTaskManager: START u0 {act=android.intent.action.MAIN cat=[android.intent.category.LAUNCHER] flg=0x10200000 cmp=com.Slack/slack.features.home.HomeActivity bnds=[291,1320][537,1663]} from uid 10089
07-25 11:38:47.400  5282  5995 D ActivityTaskManager: TaskLaunchParamsModifier:task=null activity=ActivityRecord{32d4cba u0 com.Slack/slack.features.home.HomeActivity display-from-option=0 display-id=0 display-windowing-mode=1 suggested-display-area=DefaultTaskDisplayArea@88505351
07-25 11:38:47.400  5282  5995 D ActivityTaskManager: TaskLaunchParamsModifier:task=Task{bef464e #5680 type=standard A=10023:com.Slack U=0 visible=false mode=fullscreen translucent=true sz=1} activity=ActivityRecord{32d4cba u0 com.Slack/slack.features.home.HomeActivity t-1} display-from-option=0 display-id=0 display-windowing-mode=1 suggested-display-area=DefaultTaskDisplayArea@88505351 inherit-from-source=fullscreen activity-options-fullscreen=Rect(0, 0 - 0, 0) non-freeform-display display-area=DefaultTaskDisplayArea@88505351 maximized-bounds
07-25 11:38:47.400  5282  5995 I Pageboost: moveTaskToFront : 10023:com.Slack
07-25 11:38:47.404  5282  5995 D SGM:GameManager:   sendRunningComponentFocus(), pkgName: com.Slack, userId: 0
07-25 11:38:47.404  5282  5640 D SGM:GameManager: onLooperPrepared(), msg: MSG_TASK_FOCUSED, pkgName: com.Slack, userId: 0
07-25 11:38:47.404  5282  5640 D SGM:GameManager:   handleTaskFocused(), pkgName: com.Slack, userID:0 mResumedPkgMap does not containsKey.
07-25 11:38:47.418  5282  5639 V ActivityManager: Changed top to ProcessRecord{a4c3586 29240:com.Slack/u0a23}
07-25 11:38:47.419  5282  5282 I Pageboost: package com.Slack
07-25 11:38:47.422  5282  7669 D MARsPolicyManager: onPackageResumedFG pkgName = com.Slack, userId = 0
07-25 11:38:47.423  5282  7669 D WindowManager: rotationForOrientation, orientationSource=ActivityRecord{32d4cba u0 com.Slack/slack.features.home.HomeActivity t5680}
07-25 11:38:47.423  5282  7669 D WindowManager: rotationForOrientation, orientationSource=ActivityRecord{32d4cba u0 com.Slack/slack.features.home.HomeActivity t5680}
07-25 11:38:47.429  5282  7669 D WindowManager: rotationForOrientation, orientationSource=ActivityRecord{32d4cba u0 com.Slack/slack.features.home.HomeActivity t5680}
07-25 11:38:47.430  5282  7669 D SGM:PkgDataHelper: notifyAppCreate(), pkgName: com.Slack, userId: 0, sendRet: true
07-25 11:38:47.430  5282  5640 D SGM:GameManager: onLooperPrepared(), msg: MSG_APP_CREATE, pkgName: com.Slack, userId: 0
07-25 11:38:47.448  5282  7685 D SGM:GameManager: identifyForegroundApp. com.Slack, mCurrentUserId: 0, callerUserId: 0
07-25 11:38:47.448  5282  7685 D SGM:PkgDataHelper: getGamePkgData(). com.Slack
07-25 11:38:47.459  5282  7685 D SGM:GameManager: identifyGamePackage. com.Slack, mCurrentUserId: 0, callerUserId: 0, callingMethodInfo: com.samsung.android.game.IGameManagerService$Stub.onTransact(IGameManagerService.java:242)
07-25 11:38:47.459  5282  7685 D SGM:PkgDataHelper: getGamePkgData(). com.Slack
07-25 11:38:47.463  5282  5472 D SGM:GameManager: identifyGamePackage. com.Slack, mCurrentUserId: 0, callerUserId: 0, callingMethodInfo: com.samsung.android.game.SemGameManager.isGamePackage(SemGameManager.java:104)
07-25 11:38:47.463  5282  5472 D SGM:PkgDataHelper: getGamePkgData(). com.Slack
07-25 11:38:47.463  5282  5472 D SGM:SemGameManager: isGamePackage(), pkgName=com.Slack, ret=false
07-25 11:38:47.463  5282  5472 I GameSDK@LifeCycle: noteResumeComponent(): package name  : com.Slack
07-25 11:38:47.464  5282  5472 D SGM:GameManager: noteResumeComponent(), received pkgName: com.Slack, userId: 0
07-25 11:38:47.464  5282  5640 D SGM:GameManager: onLooperPrepared(), msg: MSG_APP_RESUME, pkgName: com.Slack, userid: 0
07-25 11:38:47.464  5282  5640 D SGM:GameManager:   handleResume(). pkgName: com.Slack, userId: 0, isTunableApp: null
07-25 11:38:47.464  5282  5640 D SGM:GameManager: notifyFocusInOut(). of pkg: com.Slack, type: 4, isMinimized: false, isTunableApp: false, userId: 0
07-25 11:38:47.464  5282  5472 D SGM:GameManager: identifyGamePackage. com.Slack, mCurrentUserId: 0, callerUserId: 0, callingMethodInfo: com.android.server.ssrm.fgapps.GameAppUtils.isGame(GameAppUtils.java:84)
07-25 11:38:47.465  5282  5472 D SGM:PkgDataHelper: getGamePkgData(). com.Slack
07-25 11:38:47.465  5282  5472 D SGM:GameManager: identifyGamePackage. com.Slack, mCurrentUserId: 0, callerUserId: 0, callingMethodInfo: com.android.server.ssrm.SortingMachine.isGame(SortingMachine.java:162)
07-25 11:38:47.465  5282  5472 D SGM:PkgDataHelper: getGamePkgData(). com.Slack
07-25 11:38:47.568  5282  6044 D MdnieScenarioControlService:  packageName : com.Slack    className : slack.features.home.HomeActivity
07-25 11:38:47.714  5282  7684 D SGM:GameManager: identifyForegroundApp. com.Slack, mCurrentUserId: 0, callerUserId: 0
07-25 11:38:47.714  5282  7684 D SGM:PkgDataHelper: getGamePkgData(). com.Slack
07-25 11:38:48.206  5282  7685 D WindowManager: makeSurface duration=1 name=com.Slack/slack.features.home.HomeActivity$_29240
07-25 11:38:48.208  5282  7685 V WindowManager: Changing focus from null to Window{ac18ac2 u0 com.Slack/slack.features.home.HomeActivity} displayId=0 Callers=com.android.server.wm.RootWindowContainer.updateFocusedWindowLocked:583 com.android.server.wm.WindowManagerService.updateFocusedWindowLocked:6497 com.android.server.wm.WindowManagerService.relayoutWindow:2770 com.android.server.wm.Session.relayout:242 
07-25 11:38:48.209  5282  7685 D MARsPolicyManager: onPackageResumedFG pkgName = com.Slack, userId = 0
07-25 11:38:48.266  5282  7677 D WindowManager: finishDrawingWindow: Window{ac18ac2 u0 com.Slack/slack.features.home.HomeActivity} mDrawState=DRAW_PENDING
07-25 11:38:48.270  5282  5473 D WindowManager: createAnimationAdapter(): container=Task{bef464e #5680 type=standard A=10023:com.Slack U=0 visible=true mode=fullscreen translucent=false sz=2}
07-25 11:38:48.273  5282  5473 D WindowManager: 	Add container=Task{bef464e #5680 type=standard A=10023:com.Slack U=0 visible=true mode=fullscreen translucent=false sz=2}
07-25 11:38:48.279  5282  5473 I WindowManager: container=Task{bef464e #5680 type=standard A=10023:com.Slack U=0 visible=true mode=fullscreen translucent=false sz=2}
07-25 11:38:48.279  5282  5473 I WindowManager:   taskInfo=TaskInfo{userId=0 taskId=5680 displayId=0 isRunning=true baseIntent=Intent { flg=0x34000000 cmp=com.Slack/slack.features.home.HomeActivity } baseActivity=ComponentInfo{com.Slack/slack.features.home.HomeActivity} topActivity=ComponentInfo{com.Slack/slack.features.home.HomeActivity} origActivity=null realActivity=ComponentInfo{com.Slack/slack.features.home.HomeActivity} numActivities=2 lastActiveTime=1433466377 supportsSplitScreenMultiWindow=true supportsMultiWindow=true resizeMode=2 isResizeable=true token=WCT{RemoteToken{f9d559a Task{bef464e #5680 type=standard A=10023:com.Slack U=0 visible=true mode=fullscreen translucent=false sz=2}}} topActivityType=1 pictureInPictureParams=PictureInPictureParams( aspectRatio=null sourceRectHint=null hasSetActions=false isAutoPipEnabled=false isSeamlessResizeEnabled=true) displayCutoutSafeInsets=Rect(0, 83 - 0, 0) topActivityInfo=ActivityInfo{9b04204 slack.features.home.HomeActivity} launchCookies=[android.os.BinderProxy@74183ed] positionInParent=Point(0, 0) parentTaskId=-1 isFocused=true isVisible=true topActivityInSizeCompat=false locusId= null topLaunchHome=false launchSplitWindowingMode=0 isPairTask=false pairedTaskIds=[] pairWindowingMode=0 pairDockSide=0 isAnimatingByRecent=false originallySupportedSplitScreen=true isAnimatingFreeformToFullscreen=false topActivityInFixedAspectRatio=false isTopTransparentActivity=false}
07-25 11:38:48.308  5282  5469 I Pageboost: Launch time gathered : pid 29240 com.Slack 879
07-25 11:38:48.550  5282  7677 D WindowManager: 	container=Task{bef464e #5680 type=standard A=10023:com.Slack U=0 visible=true mode=fullscreen translucent=false sz=2}
07-25 11:38:48.731  5282  6044 D MdnieScenarioControlService:  packageName : com.Slack    className : slack.features.home.HomeActivity
07-25 11:38:48.885  5282  5472 D SGM:GameManager: identifyForegroundApp. com.Slack, mCurrentUserId: 0, callerUserId: 0
07-25 11:38:48.885  5282  5472 D SGM:PkgDataHelper: getGamePkgData(). com.Slack
07-25 11:38:53.485  5282 10222 D SGM:GameManager: identifyGamePackage. com.Slack, mCurrentUserId: 0, callerUserId: 0, callingMethodInfo: com.android.server.ssrm.SortingMachine.isGame(SortingMachine.java:162)
07-25 11:38:53.485  5282 10222 D SGM:PkgDataHelper: getGamePkgData(). com.Slack
07-25 11:38:54.036  5282  5995 I ActivityTaskManager: START u0 {cmp=com.Slack/slack.features.messagedetails.MessageDetailsActivity (has extras)} from uid 10023
07-25 11:38:54.040  5282  5995 D ActivityTaskManager: TaskLaunchParamsModifier:task=null activity=ActivityRecord{fd6b55f u0 com.Slack/slack.features.messagedetails.MessageDetailsActivity display-area-from-source=DefaultTaskDisplayArea@88505351 display-id=0 display-windowing-mode=1 suggested-display-area=DefaultTaskDisplayArea@88505351
07-25 11:38:54.041  5282  5995 D ActivityTaskManager: TaskLaunchParamsModifier:task=Task{bef464e #5680 type=standard A=10023:com.Slack U=0 visible=true mode=fullscreen translucent=false sz=2} activity=ActivityRecord{fd6b55f u0 com.Slack/slack.features.messagedetails.MessageDetailsActivity t-1} display-area-from-source=DefaultTaskDisplayArea@88505351 display-id=0 display-windowing-mode=1 suggested-display-area=DefaultTaskDisplayArea@88505351 inherit-from-source=fullscreen activity-options-fullscreen=Rect(0, 0 - 0, 0) non-freeform-display display-area=DefaultTaskDisplayArea@88505351 maximized-bounds
07-25 11:38:54.105  5282  7677 D MARsPolicyManager: onPackageResumedFG pkgName = com.Slack, userId = 0
07-25 11:38:54.107  5282  7677 D WindowManager: rotationForOrientation, orientationSource=ActivityRecord{32d4cba u0 com.Slack/slack.features.home.HomeActivity t5680}
07-25 11:38:54.109  5282  7677 D SGM:PkgDataHelper: notifyAppCreate(), pkgName: com.Slack, userId: 0, sendRet: true
07-25 11:38:54.111  5282  7677 V WindowManager: Changing focus from Window{ac18ac2 u0 com.Slack/slack.features.home.HomeActivity} to null displayId=0 Callers=com.android.server.wm.RootWindowContainer.updateFocusedWindowLocked:583 com.android.server.wm.WindowManagerService.updateFocusedWindowLocked:6497 com.android.server.wm.ActivityTaskManagerService.setResumedActivityUncheckLocked:5556 com.android.server.wm.Task.onActivityStateChanged:2912 
07-25 11:38:54.113  5282  5640 D SGM:GameManager: onLooperPrepared(), msg: MSG_APP_CREATE, pkgName: com.Slack, userId: 0
07-25 11:38:54.118  5282  5472 D SGM:GameManager: notePauseComponent(), received pkgName: com.Slack, userId: 0
07-25 11:38:54.127  5282  5472 I GameSDK@LifeCycle: noteResumeComponent(): package name  : com.Slack
07-25 11:38:54.127  5282  5472 D SGM:GameManager: noteResumeComponent(), received pkgName: com.Slack, userId: 0
07-25 11:38:54.128  5282  5640 D SGM:GameManager: onLooperPrepared(), msg: MSG_APP_RESUME, pkgName: com.Slack, userid: 0
07-25 11:38:54.376  5282  7677 D WindowManager: makeSurface duration=1 name=com.Slack/slack.features.messagedetails.MessageDetailsActivity$_29240
07-25 11:38:54.379  5282  7677 V WindowManager: Changing focus from null to Window{c958698 u0 com.Slack/slack.features.messagedetails.MessageDetailsActivity} displayId=0 Callers=com.android.server.wm.RootWindowContainer.updateFocusedWindowLocked:583 com.android.server.wm.WindowManagerService.updateFocusedWindowLocked:6497 com.android.server.wm.WindowManagerService.relayoutWindow:2770 com.android.server.wm.Session.relayout:242 
07-25 11:38:54.379  5282  7677 D MARsPolicyManager: onPackageResumedFG pkgName = com.Slack, userId = 0
07-25 11:38:54.428  5282  7677 D WindowManager: finishDrawingWindow: Window{c958698 u0 com.Slack/slack.features.messagedetails.MessageDetailsActivity} mDrawState=DRAW_PENDING
07-25 11:38:54.434  5282  5473 I WindowManager: Reparenting to leash, surface=Surface(name=ActivityRecord{fd6b55f u0 com.Slack/slack.features.messagedetails.MessageDetailsActivity t5680})/@0x2bdb44f, leashParent=Surface(name=Task=5680)/@0x700fdb0
07-25 11:38:54.435  5282  5473 D WindowManager: makeSurface duration=1 leash=Surface(name=Surface(name=ActivityRecord{fd6b55f u0 com.Slack/slack.features.messagedetails.MessageDetailsActivity t5680})/@0x2bdb44f - animation-leash of app_transition)/@0xbd007dc
07-25 11:38:54.438  5282  5469 I Pageboost: Launch time gathered : pid 29240 com.Slack 403
07-25 11:38:54.755  5282  5473 I WindowManager: Reparenting to original parent: Surface(name=Task=5680)/@0x700fdb0, destroy=true, surface=Surface(name=ActivityRecord{fd6b55f u0 com.Slack/slack.features.messagedetails.MessageDetailsActivity t5680})/@0x2bdb44f
07-25 11:38:55.080  5282  5472 D SGM:GameManager: identifyForegroundApp. com.Slack, mCurrentUserId: 0, callerUserId: 0
07-25 11:38:55.080  5282  5472 D SGM:PkgDataHelper: getGamePkgData(). com.Slack
07-25 11:38:55.441  5282  7616 D SGM:GameManager: identifyForegroundApp. com.Slack, mCurrentUserId: 0, callerUserId: 0
07-25 11:38:55.441  5282  7616 D SGM:PkgDataHelper: getGamePkgData(). com.Slack
07-25 11:39:02.379  5282  5995 D MARsPolicyManager: onPackageResumedFG pkgName = com.Slack, userId = 0
07-25 11:39:02.386  5282  5995 V WindowManager: Changing focus from Window{c958698 u0 com.Slack/slack.features.messagedetails.MessageDetailsActivity} to Window{ac18ac2 u0 com.Slack/slack.features.home.HomeActivity} displayId=0 Callers=com.android.server.wm.RootWindowContainer.updateFocusedWindowLocked:583 com.android.server.wm.WindowManagerService.updateFocusedWindowLocked:6497 com.android.server.wm.ActivityTaskManagerService.setResumedActivityUncheckLocked:5556 com.android.server.wm.Task.onActivityStateChanged:2912 
07-25 11:39:02.392  5282  5995 D WindowManager: rotationForOrientation, orientationSource=ActivityRecord{32d4cba u0 com.Slack/slack.features.home.HomeActivity t5680}
07-25 11:39:02.402  5282  5995 V WindowManager: Setting visibility of Window{c958698 u0 com.Slack/slack.features.messagedetails.MessageDetailsActivity}: false, caller=com.android.server.wm.WindowContainer.sendAppVisibilityToClients:1110 com.android.server.wm.WindowToken.setClientVisible:448 com.android.server.wm.ActivityRecord.setClientVisible:7040 com.android.server.wm.ActivityRecord.onAnimationFinished:7927 com.android.server.wm.ActivityRecord.postApplyAnimation:5604 
07-25 11:39:02.409  5282  5472 D SGM:GameManager: notePauseComponent(), received pkgName: com.Slack, userId: 0
07-25 11:39:02.417  5282  5472 I GameSDK@LifeCycle: noteResumeComponent(): package name  : com.Slack
07-25 11:39:02.417  5282  5472 D SGM:GameManager: noteResumeComponent(), received pkgName: com.Slack, userId: 0
07-25 11:39:02.418  5282  5640 D SGM:GameManager: onLooperPrepared(), msg: MSG_APP_RESUME, pkgName: com.Slack, userid: 0
07-25 11:39:02.545  5282  5995 I WindowManager: Destroying surface Surface(name=com.Slack/slack.features.messagedetails.MessageDetailsActivity$_29240)/@0x37eb734 called by com.android.server.wm.WindowStateAnimator.destroySurface:987 com.android.server.wm.WindowStateAnimator.destroySurfaceLocked:518 com.android.server.wm.WindowState.removeImmediately:2960 com.android.server.wm.WindowState.removeIfPossible:3151 com.android.server.wm.WindowState.removeIfPossible:2984 com.android.server.wm.WindowManagerService.removeWindow:2266 com.android.server.wm.Session.remove:225 android.view.IWindowSession$Stub.onTransact:746 
07-25 11:39:02.550  5282  7616 I ActivityTaskManager: Removing activity ActivityRecord{fd6b55f u0 com.Slack/slack.features.messagedetails.MessageDetailsActivity t5680 f}}(activityDestroyed)  from stack callers=com.android.server.wm.ActivityRecord.destroyed:4112 com.android.server.wm.ActivityClientController.activityDestroyed:288 android.app.IActivityClientController$Stub.onTransact:604 com.android.server.wm.ActivityClientController.onTransact:130 android.os.Binder.execTransactInternal:1220 
07-25 11:39:03.100  5282  5472 D SGM:GameManager: identifyForegroundApp. com.Slack, mCurrentUserId: 0, callerUserId: 0
07-25 11:39:03.100  5282  5472 D SGM:PkgDataHelper: getGamePkgData(). com.Slack
07-25 11:39:07.015  5282  7685 I ActivityTaskManager: START u0 {cmp=com.Slack/slack.features.messagedetails.MessageDetailsActivity (has extras)} from uid 10023
07-25 11:39:07.020  5282  7685 D ActivityTaskManager: TaskLaunchParamsModifier:task=null activity=ActivityRecord{a0e7d39 u0 com.Slack/slack.features.messagedetails.MessageDetailsActivity display-area-from-source=DefaultTaskDisplayArea@88505351 display-id=0 display-windowing-mode=1 suggested-display-area=DefaultTaskDisplayArea@88505351
07-25 11:39:07.021  5282  7685 D ActivityTaskManager: TaskLaunchParamsModifier:task=Task{bef464e #5680 type=standard A=10023:com.Slack U=0 visible=true mode=fullscreen translucent=false sz=2} activity=ActivityRecord{a0e7d39 u0 com.Slack/slack.features.messagedetails.MessageDetailsActivity t-1} display-area-from-source=DefaultTaskDisplayArea@88505351 display-id=0 display-windowing-mode=1 suggested-display-area=DefaultTaskDisplayArea@88505351 inherit-from-source=fullscreen activity-options-fullscreen=Rect(0, 0 - 0, 0) non-freeform-display display-area=DefaultTaskDisplayArea@88505351 maximized-bounds
07-25 11:39:07.050  5282  7685 D MARsPolicyManager: onPackageResumedFG pkgName = com.Slack, userId = 0
07-25 11:39:07.052  5282  7685 D WindowManager: rotationForOrientation, orientationSource=ActivityRecord{32d4cba u0 com.Slack/slack.features.home.HomeActivity t5680}
07-25 11:39:07.053  5282  7685 D SGM:PkgDataHelper: notifyAppCreate(), pkgName: com.Slack, userId: 0, sendRet: true
07-25 11:39:07.053  5282  5640 D SGM:GameManager: onLooperPrepared(), msg: MSG_APP_CREATE, pkgName: com.Slack, userId: 0
07-25 11:39:07.055  5282  7685 V WindowManager: Changing focus from Window{ac18ac2 u0 com.Slack/slack.features.home.HomeActivity} to null displayId=0 Callers=com.android.server.wm.RootWindowContainer.updateFocusedWindowLocked:583 com.android.server.wm.WindowManagerService.updateFocusedWindowLocked:6497 com.android.server.wm.ActivityTaskManagerService.setResumedActivityUncheckLocked:5556 com.android.server.wm.Task.onActivityStateChanged:2912 
07-25 11:39:07.061  5282  5472 D SGM:GameManager: notePauseComponent(), received pkgName: com.Slack, userId: 0
07-25 11:39:07.066  5282  5472 I GameSDK@LifeCycle: noteResumeComponent(): package name  : com.Slack
07-25 11:39:07.066  5282  5472 D SGM:GameManager: noteResumeComponent(), received pkgName: com.Slack, userId: 0
07-25 11:39:07.066  5282  5640 D SGM:GameManager: onLooperPrepared(), msg: MSG_APP_RESUME, pkgName: com.Slack, userid: 0
07-25 11:39:07.255  5282  7685 D WindowManager: makeSurface duration=1 name=com.Slack/slack.features.messagedetails.MessageDetailsActivity$_29240
07-25 11:39:07.258  5282  7685 V WindowManager: Changing focus from null to Window{a2f758a u0 com.Slack/slack.features.messagedetails.MessageDetailsActivity} displayId=0 Callers=com.android.server.wm.RootWindowContainer.updateFocusedWindowLocked:583 com.android.server.wm.WindowManagerService.updateFocusedWindowLocked:6497 com.android.server.wm.WindowManagerService.relayoutWindow:2770 com.android.server.wm.Session.relayout:242 
07-25 11:39:07.258  5282  7685 D MARsPolicyManager: onPackageResumedFG pkgName = com.Slack, userId = 0
07-25 11:39:07.300  5282  7684 D WindowManager: finishDrawingWindow: Window{a2f758a u0 com.Slack/slack.features.messagedetails.MessageDetailsActivity} mDrawState=DRAW_PENDING
07-25 11:39:07.303  5282  5473 I WindowManager: Reparenting to leash, surface=Surface(name=ActivityRecord{a0e7d39 u0 com.Slack/slack.features.messagedetails.MessageDetailsActivity t5680})/@0xa6abb73, leashParent=Surface(name=Task=5680)/@0x700fdb0
07-25 11:39:07.305  5282  5473 D WindowManager: makeSurface duration=2 leash=Surface(name=Surface(name=ActivityRecord{a0e7d39 u0 com.Slack/slack.features.messagedetails.MessageDetailsActivity t5680})/@0xa6abb73 - animation-leash of app_transition)/@0x2810a30
07-25 11:39:07.311  5282  5469 I Pageboost: Launch time gathered : pid 29240 com.Slack 293
07-25 11:39:07.621  5282  5473 I WindowManager: Reparenting to original parent: Surface(name=Task=5680)/@0x700fdb0, destroy=true, surface=Surface(name=ActivityRecord{a0e7d39 u0 com.Slack/slack.features.messagedetails.MessageDetailsActivity t5680})/@0xa6abb73
07-25 11:39:07.914  5282  5472 D SGM:GameManager: identifyForegroundApp. com.Slack, mCurrentUserId: 0, callerUserId: 0
07-25 11:39:07.914  5282  5472 D SGM:PkgDataHelper: getGamePkgData(). com.Slack
07-25 11:39:17.875  5282  7684 D MARsPolicyManager: onPackageResumedFG pkgName = com.Slack, userId = 0
07-25 11:39:17.878  5282  7684 V WindowManager: Changing focus from Window{a2f758a u0 com.Slack/slack.features.messagedetails.MessageDetailsActivity} to Window{ac18ac2 u0 com.Slack/slack.features.home.HomeActivity} displayId=0 Callers=com.android.server.wm.RootWindowContainer.updateFocusedWindowLocked:583 com.android.server.wm.WindowManagerService.updateFocusedWindowLocked:6497 com.android.server.wm.ActivityTaskManagerService.setResumedActivityUncheckLocked:5556 com.android.server.wm.Task.onActivityStateChanged:2912 
07-25 11:39:17.884  5282  7684 D WindowManager: rotationForOrientation, orientationSource=ActivityRecord{32d4cba u0 com.Slack/slack.features.home.HomeActivity t5680}
07-25 11:39:17.893  5282  7684 V WindowManager: Setting visibility of Window{a2f758a u0 com.Slack/slack.features.messagedetails.MessageDetailsActivity}: false, caller=com.android.server.wm.WindowContainer.sendAppVisibilityToClients:1110 com.android.server.wm.WindowToken.setClientVisible:448 com.android.server.wm.ActivityRecord.setClientVisible:7040 com.android.server.wm.ActivityRecord.onAnimationFinished:7927 com.android.server.wm.ActivityRecord.postApplyAnimation:5604 
07-25 11:39:17.903  5282  5472 D SGM:GameManager: notePauseComponent(), received pkgName: com.Slack, userId: 0
07-25 11:39:17.911  5282  5472 I GameSDK@LifeCycle: noteResumeComponent(): package name  : com.Slack
07-25 11:39:17.912  5282  5472 D SGM:GameManager: noteResumeComponent(), received pkgName: com.Slack, userId: 0
07-25 11:39:17.913  5282  5640 D SGM:GameManager: onLooperPrepared(), msg: MSG_APP_RESUME, pkgName: com.Slack, userid: 0
07-25 11:39:18.010  5282  5995 I WindowManager: Destroying surface Surface(name=com.Slack/slack.features.messagedetails.MessageDetailsActivity$_29240)/@0x46c056b called by com.android.server.wm.WindowStateAnimator.destroySurface:987 com.android.server.wm.WindowStateAnimator.destroySurfaceLocked:518 com.android.server.wm.WindowState.removeImmediately:2960 com.android.server.wm.WindowState.removeIfPossible:3151 com.android.server.wm.WindowState.removeIfPossible:2984 com.android.server.wm.WindowManagerService.removeWindow:2266 com.android.server.wm.Session.remove:225 android.view.IWindowSession$Stub.onTransact:746 
07-25 11:39:18.017  5282  5995 I ActivityTaskManager: Removing activity ActivityRecord{a0e7d39 u0 com.Slack/slack.features.messagedetails.MessageDetailsActivity t5680 f}}(activityDestroyed)  from stack callers=com.android.server.wm.ActivityRecord.destroyed:4112 com.android.server.wm.ActivityClientController.activityDestroyed:288 android.app.IActivityClientController$Stub.onTransact:604 com.android.server.wm.ActivityClientController.onTransact:130 android.os.Binder.execTransactInternal:1220 
07-25 11:39:18.595  5282  5472 D SGM:GameManager: identifyForegroundApp. com.Slack, mCurrentUserId: 0, callerUserId: 0
07-25 11:39:18.595  5282  5472 D SGM:PkgDataHelper: getGamePkgData(). com.Slack
07-25 11:39:28.974  5282  6328 D SGM:GameManager: identifyForegroundApp. com.Slack, mCurrentUserId: 0, callerUserId: 0
07-25 11:39:28.974  5282  6328 D SGM:PkgDataHelper: getGamePkgData(). com.Slack
07-25 11:40:58.989  5282  7616 D SGM:GameManager: identifyForegroundApp. com.Slack, mCurrentUserId: 0, callerUserId: 0
07-25 11:40:58.989  5282  7616 D SGM:PkgDataHelper: getGamePkgData(). com.Slack
07-25 11:47:24.375  5282  5470 V WindowManager: Changing focus from Window{ac18ac2 u0 com.Slack/slack.features.home.HomeActivity} to null displayId=0 Callers=com.android.server.wm.RootWindowContainer.updateFocusedWindowLocked:583 com.android.server.wm.WindowManagerService.updateFocusedWindowLocked:6497 com.android.server.wm.ActivityTaskManagerService.setResumedActivityUncheckLocked:5556 com.android.server.wm.ActivityRecord.moveFocusableActivityToTop:3364 
07-25 11:47:24.375  5282  5470 D MARsPolicyManager: onPackageResumedFG pkgName = com.Slack, userId = 0
07-25 11:47:24.406  5282  5472 D SGM:GameManager: notePauseComponent(), received pkgName: com.Slack, userId: 0
07-25 11:47:24.466  5282  5473 D WindowManager: createAnimationAdapter(): container=Task{bef464e #5680 type=standard A=10023:com.Slack U=0 visible=false mode=fullscreen translucent=true sz=2}
07-25 11:47:24.470  5282  5473 D WindowManager: 	Add container=Task{bef464e #5680 type=standard A=10023:com.Slack U=0 visible=false mode=fullscreen translucent=true sz=2}
07-25 11:47:24.486  5282  5473 I WindowManager:   windowType=-1container=Task{bef464e #5680 type=standard A=10023:com.Slack U=0 visible=false mode=fullscreen translucent=true sz=2}
07-25 11:47:24.486  5282  5473 I WindowManager:   taskInfo=TaskInfo{userId=0 taskId=5680 displayId=0 isRunning=true baseIntent=Intent { flg=0x34000000 cmp=com.Slack/slack.features.home.HomeActivity } baseActivity=ComponentInfo{com.Slack/slack.features.home.HomeActivity} topActivity=ComponentInfo{com.Slack/slack.features.home.HomeActivity} origActivity=null realActivity=ComponentInfo{com.Slack/slack.features.home.HomeActivity} numActivities=2 lastActiveTime=1433983098 supportsSplitScreenMultiWindow=true supportsMultiWindow=true resizeMode=2 isResizeable=true token=WCT{RemoteToken{f9d559a Task{bef464e #5680 type=standard A=10023:com.Slack U=0 visible=false mode=fullscreen translucent=true sz=2}}} topActivityType=1 pictureInPictureParams=null displayCutoutSafeInsets=Rect(0, 83 - 0, 0) topActivityInfo=ActivityInfo{9b04204 slack.features.home.HomeActivity} launchCookies=[android.os.BinderProxy@74183ed] positionInParent=Point(0, 0) parentTaskId=-1 isFocused=false isVisible=false topActivityInSizeCompat=false locusId= null topLaunchHome=false launchSplitWindowingMode=0 isPairTask=false pairedTaskIds=[] pairWindowingMode=0 pairDockSide=0 isAnimatingByRecent=false originallySupportedSplitScreen=true isAnimatingFreeformToFullscreen=false topActivityInFixedAspectRatio=false isTopTransparentActivity=false}
07-25 11:47:24.742  5282  7677 V WindowManager: Setting visibility of Window{ac18ac2 u0 com.Slack/slack.features.home.HomeActivity}: false, caller=com.android.server.wm.WindowContainer.sendAppVisibilityToClients:1110 com.android.server.wm.WindowToken.setClientVisible:448 com.android.server.wm.ActivityRecord.setClientVisible:7040 com.android.server.wm.ActivityRecord.onAnimationFinished:7927 com.android.server.wm.WindowContainer.doAnimationFinished:3107 
07-25 11:47:24.744  5282  7677 D WindowManager: 	container=Task{bef464e #5680 type=standard A=10023:com.Slack U=0 visible=false mode=fullscreen translucent=true sz=2}
07-25 11:47:24.956  5282  7677 E WindowManager: win=Window{ac18ac2 u0 com.Slack/slack.features.home.HomeActivity} destroySurfaces: appStopped=true win.mWindowRemovalAllowed=false win.mRemoveOnExit=false win.mViewVisibility=8 caller=com.android.server.wm.ActivityRecord.destroySurfaces:5873 com.android.server.wm.ActivityRecord.destroySurfaces:5854 com.android.server.wm.ActivityRecord.notifyAppStopped:5918 com.android.server.wm.ActivityRecord.activityStopped:6560 com.android.server.wm.ActivityClientController.activityStopped:254 android.app.IActivityClientController$Stub.onTransact:596 com.android.server.wm.ActivityClientController.onTransact:130 
07-25 11:47:24.956  5282  7677 I WindowManager: Destroying surface Surface(name=com.Slack/slack.features.home.HomeActivity$_29240)/@0x5d2b267 called by com.android.server.wm.WindowStateAnimator.destroySurface:987 com.android.server.wm.WindowStateAnimator.destroySurfaceLocked:518 com.android.server.wm.WindowState.destroySurfaceUnchecked:4246 com.android.server.wm.WindowState.destroySurface:4220 com.android.server.wm.ActivityRecord.destroySurfaces:5873 com.android.server.wm.ActivityRecord.destroySurfaces:5854 com.android.server.wm.ActivityRecord.notifyAppStopped:5918 com.android.server.wm.ActivityRecord.activityStopped:6560 
07-25 11:49:12.665  5282  5504 D MARs:ActiveTrafficFilter: filter : com.Slack(0)
07-25 11:49:27.744  5282  5504 D MARs:ActiveTrafficFilter: filter : com.Slack(0)
07-25 11:49:42.817  5282  5504 D MARs:ActiveTrafficFilter: filter : com.Slack(0)
07-25 11:50:33.837  5282  6002 I Pageboost: moveTaskToFront : 10023:com.Slack
07-25 11:50:33.841  5282  6002 D SGM:GameManager:   sendRunningComponentFocus(), pkgName: com.Slack, userId: 0
07-25 11:50:33.841  5282  5640 D SGM:GameManager: onLooperPrepared(), msg: MSG_TASK_FOCUSED, pkgName: com.Slack, userId: 0
07-25 11:50:33.841  5282  5640 D SGM:GameManager:   handleTaskFocused(), pkgName: com.Slack, userID:0 mResumedPkgMap does not containsKey.
07-25 11:50:33.849  5910  5973 D StartingSurfaceDrawer: addSplashScreen com.Slack theme=7f14013c task=5680 suggestType=3
07-25 11:50:33.858  5282  5639 V ActivityManager: Changed top to ProcessRecord{a4c3586 29240:com.Slack/u0a23}
07-25 11:50:33.865  5282  7677 D MARsPolicyManager: onPackageResumedFG pkgName = com.Slack, userId = 0
07-25 11:50:33.866  5282  7677 V WindowManager: Setting visibility of Window{9af189 u0 Splash Screen com.Slack}: true, caller=com.android.server.wm.WindowContainer.sendAppVisibilityToClients:1110 com.android.server.wm.WindowToken.setClientVisible:448 com.android.server.wm.ActivityRecord.setClientVisible:7040 com.android.server.wm.ActivityRecord.setVisibility:5455 com.android.server.wm.ActivityRecord.setVisibility:5350 
07-25 11:50:33.866  5282  7677 V WindowManager: Setting visibility of Window{ac18ac2 u0 com.Slack/slack.features.home.HomeActivity}: true, caller=com.android.server.wm.WindowContainer.sendAppVisibilityToClients:1110 com.android.server.wm.WindowToken.setClientVisible:448 com.android.server.wm.ActivityRecord.setClientVisible:7040 com.android.server.wm.ActivityRecord.setVisibility:5455 com.android.server.wm.ActivityRecord.setVisibility:5350 
07-25 11:50:33.870  5282  7677 D WindowManager: rotationForOrientation, orientationSource=ActivityRecord{32d4cba u0 com.Slack/slack.features.home.HomeActivity t5680}
07-25 11:50:33.870  5282  7677 D WindowManager: rotationForOrientation, orientationSource=ActivityRecord{32d4cba u0 com.Slack/slack.features.home.HomeActivity t5680}
07-25 11:50:33.871  5282  7677 D WindowManager: rotationForOrientation, orientationSource=ActivityRecord{32d4cba u0 com.Slack/slack.features.home.HomeActivity t5680}
07-25 11:50:33.905  5282  7585 D WindowManager: makeSurface duration=2 name=Splash Screen com.Slack$_5910
07-25 11:50:33.932  5282  5472 D SGM:GameManager: identifyGamePackage. com.Slack, mCurrentUserId: 0, callerUserId: 0, callingMethodInfo: com.samsung.android.game.SemGameManager.isGamePackage(SemGameManager.java:104)
07-25 11:50:33.932  5282  5472 D SGM:PkgDataHelper: getGamePkgData(). com.Slack
07-25 11:50:33.932  5282  5472 D SGM:SemGameManager: isGamePackage(), pkgName=com.Slack, ret=false
07-25 11:50:33.934  5282  5472 I GameSDK@LifeCycle: noteResumeComponent(): package name  : com.Slack
07-25 11:50:33.935  5282  5472 D SGM:GameManager: noteResumeComponent(), received pkgName: com.Slack, userId: 0
07-25 11:50:33.936  5282  5640 D SGM:GameManager: onLooperPrepared(), msg: MSG_APP_RESUME, pkgName: com.Slack, userid: 0
07-25 11:50:33.936  5282  5640 D SGM:GameManager:   handleResume(). pkgName: com.Slack, userId: 0, isTunableApp: null
07-25 11:50:33.936  5282  5640 D SGM:GameManager: notifyFocusInOut(). of pkg: com.Slack, type: 4, isMinimized: false, isTunableApp: false, userId: 0
07-25 11:50:33.938  5282  5472 D SGM:GameManager: identifyGamePackage. com.Slack, mCurrentUserId: 0, callerUserId: 0, callingMethodInfo: com.android.server.ssrm.fgapps.GameAppUtils.isGame(GameAppUtils.java:84)
07-25 11:50:33.938  5282  5472 D SGM:PkgDataHelper: getGamePkgData(). com.Slack
07-25 11:50:33.940  5282  5472 D SGM:GameManager: identifyGamePackage. com.Slack, mCurrentUserId: 0, callerUserId: 0, callingMethodInfo: com.android.server.ssrm.SortingMachine.isGame(SortingMachine.java:162)
07-25 11:50:33.940  5282  5472 D SGM:PkgDataHelper: getGamePkgData(). com.Slack
07-25 11:50:33.954  5282  7585 D WindowManager: finishDrawingWindow: Window{9af189 u0 Splash Screen com.Slack} mDrawState=DRAW_PENDING
07-25 11:50:33.965  5282  5473 D WindowManager: createAnimationAdapter(): container=Task{bef464e #5680 type=standard A=10023:com.Slack U=0 visible=true mode=fullscreen translucent=false sz=2}
07-25 11:50:33.966  5282  6002 D SGM:GameManager: identifyForegroundApp. com.Slack, mCurrentUserId: 0, callerUserId: 0
07-25 11:50:33.966  5282  6002 D SGM:PkgDataHelper: getGamePkgData(). com.Slack
07-25 11:50:33.969  5282  5473 D WindowManager: 	Add container=Task{bef464e #5680 type=standard A=10023:com.Slack U=0 visible=true mode=fullscreen translucent=false sz=2}
07-25 11:50:33.981  5282  5473 I WindowManager: container=Task{bef464e #5680 type=standard A=10023:com.Slack U=0 visible=true mode=fullscreen translucent=false sz=2}
07-25 11:50:33.981  5282  5473 I WindowManager:   taskInfo=TaskInfo{userId=0 taskId=5680 displayId=0 isRunning=true baseIntent=Intent { flg=0x34000000 cmp=com.Slack/slack.features.home.HomeActivity } baseActivity=ComponentInfo{com.Slack/slack.features.home.HomeActivity} topActivity=ComponentInfo{com.Slack/slack.features.home.HomeActivity} origActivity=null realActivity=ComponentInfo{com.Slack/slack.features.home.HomeActivity} numActivities=2 lastActiveTime=1434172675 supportsSplitScreenMultiWindow=true supportsMultiWindow=true resizeMode=2 isResizeable=true token=WCT{RemoteToken{f9d559a Task{bef464e #5680 type=standard A=10023:com.Slack U=0 visible=true mode=fullscreen translucent=false sz=2}}} topActivityType=1 pictureInPictureParams=PictureInPictureParams( aspectRatio=null sourceRectHint=null hasSetActions=false isAutoPipEnabled=false isSeamlessResizeEnabled=true) displayCutoutSafeInsets=Rect(0, 83 - 0, 0) topActivityInfo=ActivityInfo{9b04204 slack.features.home.HomeActivity} launchCookies=[android.os.BinderProxy@74183ed] positionInParent=Point(0, 0) parentTaskId=-1 isFocused=false isVisible=true topActivityInSizeCompat=false locusId= null topLaunchHome=false launchSplitWindowingMode=0 isPairTask=false pairedTaskIds=[] pairWindowingMode=0 pairDockSide=0 isAnimatingByRecent=false originallySupportedSplitScreen=true isAnimatingFreeformToFullscreen=false topActivityInFixedAspectRatio=false isTopTransparentActivity=true}
07-25 11:50:33.986  5282  6002 D WindowManager: finishDrawingWindow: Window{9af189 u0 Splash Screen com.Slack} mDrawState=HAS_DRAWN
07-25 11:50:33.988  5282  7630 D SGM:GameManager: identifyGamePackage. com.Slack, mCurrentUserId: 0, callerUserId: 0, callingMethodInfo: com.samsung.android.game.IGameManagerService$Stub.onTransact(IGameManagerService.java:242)
07-25 11:50:33.988  5282  7630 D SGM:PkgDataHelper: getGamePkgData(). com.Slack
07-25 11:50:34.073  5282  7669 D WindowManager: makeSurface duration=1 name=com.Slack/slack.features.home.HomeActivity$_29240
07-25 11:50:34.079  5282  7669 V WindowManager: Changing focus from null to Window{ac18ac2 u0 com.Slack/slack.features.home.HomeActivity} displayId=0 Callers=com.android.server.wm.RootWindowContainer.updateFocusedWindowLocked:583 com.android.server.wm.WindowManagerService.updateFocusedWindowLocked:6497 com.android.server.wm.WindowManagerService.relayoutWindow:2770 com.android.server.wm.Session.relayout:242 
07-25 11:50:34.079  5282  7669 D MARsPolicyManager: onPackageResumedFG pkgName = com.Slack, userId = 0
07-25 11:50:34.086  5282  6044 D MdnieScenarioControlService:  packageName : com.Slack    className : slack.features.home.HomeActivity
07-25 11:50:34.148  5282  7669 D WindowManager: finishDrawingWindow: Window{ac18ac2 u0 com.Slack/slack.features.home.HomeActivity} mDrawState=DRAW_PENDING
07-25 11:50:34.154  5282  5473 I WindowManager: Reparenting to leash, surface=Surface(name=ac18ac2 com.Slack/slack.features.home.HomeActivity)/@0x177a84, leashParent=Surface(name=ActivityRecord{32d4cba u0 com.Slack/slack.features.home.HomeActivity t5680})/@0x76b926d
07-25 11:50:34.156  5282  5473 D WindowManager: makeSurface duration=1 leash=Surface(name=Surface(name=ac18ac2 com.Slack/slack.features.home.HomeActivity)/@0x177a84 - animation-leash of starting_reveal)/@0x80ab733
07-25 11:50:34.242  5282  7669 I WindowManager: Reparenting to leash, surface=Surface(name=9af189 Splash Screen com.Slack)/@0xefd323, leashParent=Surface(name=ActivityRecord{32d4cba u0 com.Slack/slack.features.home.HomeActivity t5680})/@0x76b926d
07-25 11:50:34.251  5282  7669 D WindowManager: makeSurface duration=9 leash=Surface(name=Surface(name=9af189 Splash Screen com.Slack)/@0xefd323 - animation-leash of window_animation)/@0x883c020
07-25 11:50:34.257  5282  7669 I WindowManager: Cancelling animation restarting=false, leash=Surface(name=Surface(name=ac18ac2 com.Slack/slack.features.home.HomeActivity)/@0x177a84 - animation-leash of starting_reveal)/@0x80ab733
07-25 11:50:34.258  5282  7669 I WindowManager: Reparenting to original parent: Surface(name=ActivityRecord{32d4cba u0 com.Slack/slack.features.home.HomeActivity t5680})/@0x76b926d, destroy=false, surface=Surface(name=ac18ac2 com.Slack/slack.features.home.HomeActivity)/@0x177a84
07-25 11:50:34.320  5282  5473 I WindowManager: Reparenting to original parent: Surface(name=ActivityRecord{32d4cba u0 com.Slack/slack.features.home.HomeActivity t5680})/@0x76b926d, destroy=true, surface=Surface(name=9af189 Splash Screen com.Slack)/@0xefd323
07-25 11:50:34.320  5282  5473 E WindowManager: win=Window{9af189 u0 Splash Screen com.Slack EXITING} destroySurfaces: appStopped=false win.mWindowRemovalAllowed=true win.mRemoveOnExit=true win.mViewVisibility=8 caller=com.android.server.wm.ActivityRecord.destroySurfaces:5873 com.android.server.wm.ActivityRecord.destroySurfaces:5854 com.android.server.wm.WindowState.onExitAnimationDone:6000 com.android.server.wm.WindowStateAnimator.onAnimationFinished:242 com.android.server.wm.WindowState.onAnimationFinished:6253 com.android.server.wm.WindowContainer$$ExternalSyntheticLambda0.onAnimationFinished:2 com.android.server.wm.SurfaceAnimator.lambda$getFinishedCallback$0$SurfaceAnimator:113 
07-25 11:50:34.320  5282  5473 I WindowManager: Destroying surface Surface(name=Splash Screen com.Slack$_5910)/@0x434be4c called by com.android.server.wm.WindowStateAnimator.destroySurface:987 com.android.server.wm.WindowStateAnimator.destroySurfaceLocked:518 com.android.server.wm.WindowState.destroySurfaceUnchecked:4246 com.android.server.wm.WindowState.destroySurface:4220 com.android.server.wm.ActivityRecord.destroySurfaces:5873 com.android.server.wm.ActivityRecord.destroySurfaces:5854 com.android.server.wm.WindowState.onExitAnimationDone:6000 com.android.server.wm.WindowStateAnimator.onAnimationFinished:242 
07-25 11:50:34.406  5282  6002 D WindowManager: 	container=Task{bef464e #5680 type=standard A=10023:com.Slack U=0 visible=true mode=fullscreen translucent=false sz=2}
07-25 11:50:34.484  5282 10222 D SGM:GameManager: identifyGamePackage. com.Slack, mCurrentUserId: 0, callerUserId: 0, callingMethodInfo: com.android.server.ssrm.SortingMachine.isGame(SortingMachine.java:162)
07-25 11:50:34.484  5282 10222 D SGM:PkgDataHelper: getGamePkgData(). com.Slack
07-25 11:50:34.599  5282  6044 D MdnieScenarioControlService:  packageName : com.Slack    className : slack.features.home.HomeActivity
07-25 11:50:34.724  5282  5472 D SGM:GameManager: identifyForegroundApp. com.Slack, mCurrentUserId: 0, callerUserId: 0
07-25 11:50:34.724  5282  5472 D SGM:PkgDataHelper: getGamePkgData(). com.Slack
07-25 11:50:38.569  5282  7669 I ActivityTaskManager: START u0 {cmp=com.Slack/slack.file.viewer.FileViewerActivity (has extras)} from uid 10023
07-25 11:50:38.573  5282  7669 D ActivityTaskManager: TaskLaunchParamsModifier:task=null activity=ActivityRecord{b8f0ecd u0 com.Slack/slack.file.viewer.FileViewerActivity display-area-from-source=DefaultTaskDisplayArea@88505351 display-id=0 display-windowing-mode=1 suggested-display-area=DefaultTaskDisplayArea@88505351
07-25 11:50:38.573  5282  7669 D ActivityTaskManager: TaskLaunchParamsModifier:task=Task{bef464e #5680 type=standard A=10023:com.Slack U=0 visible=true mode=fullscreen translucent=false sz=2} activity=ActivityRecord{b8f0ecd u0 com.Slack/slack.file.viewer.FileViewerActivity t-1} display-area-from-source=DefaultTaskDisplayArea@88505351 display-id=0 display-windowing-mode=1 suggested-display-area=DefaultTaskDisplayArea@88505351 inherit-from-source=fullscreen activity-options-fullscreen=Rect(0, 0 - 0, 0) non-freeform-display display-area=DefaultTaskDisplayArea@88505351 maximized-bounds
07-25 11:50:38.599  5282  6002 D MARsPolicyManager: onPackageResumedFG pkgName = com.Slack, userId = 0
07-25 11:50:38.601  5282  6002 D WindowManager: rotationForOrientation, orientationSource=ActivityRecord{b8f0ecd u0 com.Slack/slack.file.viewer.FileViewerActivity t5680}
07-25 11:50:38.601  5282  6002 D WindowManager: rotationForOrientation, orientationSource=ActivityRecord{b8f0ecd u0 com.Slack/slack.file.viewer.FileViewerActivity t5680}
07-25 11:50:38.602  5282  6002 D WindowManager: rotationForOrientation, orientationSource=ActivityRecord{b8f0ecd u0 com.Slack/slack.file.viewer.FileViewerActivity t5680}
07-25 11:50:38.603  5282  6002 D SGM:PkgDataHelper: notifyAppCreate(), pkgName: com.Slack, userId: 0, sendRet: true
07-25 11:50:38.603  5282  5640 D SGM:GameManager: onLooperPrepared(), msg: MSG_APP_CREATE, pkgName: com.Slack, userId: 0
07-25 11:50:38.606  5282  6002 V WindowManager: Changing focus from Window{ac18ac2 u0 com.Slack/slack.features.home.HomeActivity} to null displayId=0 Callers=com.android.server.wm.RootWindowContainer.updateFocusedWindowLocked:583 com.android.server.wm.WindowManagerService.updateFocusedWindowLocked:6497 com.android.server.wm.ActivityTaskManagerService.setResumedActivityUncheckLocked:5556 com.android.server.wm.Task.onActivityStateChanged:2912 
07-25 11:50:38.612  5282  5472 D SGM:GameManager: notePauseComponent(), received pkgName: com.Slack, userId: 0
07-25 11:50:38.619  5282  5472 I GameSDK@LifeCycle: noteResumeComponent(): package name  : com.Slack
07-25 11:50:38.620  5282  5472 D SGM:GameManager: noteResumeComponent(), received pkgName: com.Slack, userId: 0
07-25 11:50:38.620  5282  5640 D SGM:GameManager: onLooperPrepared(), msg: MSG_APP_RESUME, pkgName: com.Slack, userid: 0
07-25 11:50:38.756  5282  6002 D WindowManager: makeSurface duration=1 name=com.Slack/slack.file.viewer.FileViewerActivity$_29240
07-25 11:50:38.759  5282  6002 V WindowManager: Changing focus from null to Window{8d7c5ce u0 com.Slack/slack.file.viewer.FileViewerActivity} displayId=0 Callers=com.android.server.wm.RootWindowContainer.updateFocusedWindowLocked:583 com.android.server.wm.WindowManagerService.updateFocusedWindowLocked:6497 com.android.server.wm.WindowManagerService.relayoutWindow:2770 com.android.server.wm.Session.relayout:242 
07-25 11:50:38.759  5282  6002 D MARsPolicyManager: onPackageResumedFG pkgName = com.Slack, userId = 0
07-25 11:50:38.787  5282  6002 D WindowManager: finishDrawingWindow: Window{8d7c5ce u0 com.Slack/slack.file.viewer.FileViewerActivity} mDrawState=DRAW_PENDING
07-25 11:50:38.790  5282  5473 D WindowManager: prepareDimAnimOnAnimating owner = ActivityRecord{32d4cba u0 com.Slack/slack.features.home.HomeActivity t5680}
07-25 11:50:38.790  5282  5473 I WindowManager: Reparenting to leash, surface=Surface(name=ActivityRecord{32d4cba u0 com.Slack/slack.features.home.HomeActivity t5680})/@0x76b926d, leashParent=Surface(name=Task=5680)/@0x700fdb0
07-25 11:50:38.791  5282  5473 D WindowManager: makeSurface duration=1 leash=Surface(name=Surface(name=ActivityRecord{32d4cba u0 com.Slack/slack.features.home.HomeActivity t5680})/@0x76b926d - animation-leash of app_transition)/@0xb7cf694
07-25 11:50:38.791  5282  5473 D WindowManager: startDimAnimation owner = ActivityRecord{32d4cba u0 com.Slack/slack.features.home.HomeActivity t5680}
07-25 11:50:38.792  5282  5473 I WindowManager: Reparenting to leash, surface=Surface(name=Dim Layer for - ActivityRecord{32d4cba u0 com.Slack/slack.features.home.HomeActivity t5680} - animating-dim)/@0x1ce453d, leashParent=Surface(name=ActivityRecord{32d4cba u0 com.Slack/slack.features.home.HomeActivity t5680})/@0x76b926d
07-25 11:50:38.793  5282  5473 D WindowManager: makeSurface duration=1 leash=Surface(name=Surface(name=Dim Layer for - ActivityRecord{32d4cba u0 com.Slack/slack.features.home.HomeActivity t5680} - animating-dim)/@0x1ce453d - animation-leash of dimmer)/@0x81a4132
07-25 11:50:38.796  5282  5473 I WindowManager: Reparenting to leash, surface=Surface(name=ActivityRecord{b8f0ecd u0 com.Slack/slack.file.viewer.FileViewerActivity t5680})/@0xfaddef5, leashParent=Surface(name=Task=5680)/@0x700fdb0
07-25 11:50:38.798  5282  5473 D WindowManager: makeSurface duration=1 leash=Surface(name=Surface(name=ActivityRecord{b8f0ecd u0 com.Slack/slack.file.viewer.FileViewerActivity t5680})/@0xfaddef5 - animation-leash of app_transition)/@0xd74c48a
07-25 11:50:38.800  5282  5469 I Pageboost: Launch time gathered : pid 29240 com.Slack 231
07-25 11:50:39.112  5282  5473 I WindowManager: Reparenting to original parent: Surface(name=ActivityRecord{32d4cba u0 com.Slack/slack.features.home.HomeActivity t5680})/@0x76b926d, destroy=true, surface=Surface(name=Dim Layer for - ActivityRecord{32d4cba u0 com.Slack/slack.features.home.HomeActivity t5680} - animating-dim)/@0x1ce453d
07-25 11:50:39.196  5282  5473 I WindowManager: Reparenting to original parent: Surface(name=Task=5680)/@0x700fdb0, destroy=true, surface=Surface(name=ActivityRecord{32d4cba u0 com.Slack/slack.features.home.HomeActivity t5680})/@0x76b926d
07-25 11:50:39.196  5282  5473 D WindowManager: clearDimAnimation owner = ActivityRecord{32d4cba u0 com.Slack/slack.features.home.HomeActivity t5680}, caller=com.android.server.wm.WindowContainer.onAnimationLeashLost:3129 com.android.server.wm.ActivityRecord.onAnimationLeashLost:7903 com.android.server.wm.SurfaceAnimator.removeLeash:426 
07-25 11:50:39.196  5282  5473 V WindowManager: Setting visibility of Window{ac18ac2 u0 com.Slack/slack.features.home.HomeActivity}: false, caller=com.android.server.wm.WindowContainer.sendAppVisibilityToClients:1110 com.android.server.wm.WindowToken.setClientVisible:448 com.android.server.wm.ActivityRecord.setClientVisible:7040 com.android.server.wm.ActivityRecord.onAnimationFinished:7927 com.android.server.wm.WindowContainer$$ExternalSyntheticLambda0.onAnimationFinished:2 
07-25 11:50:39.197  5282  5473 I WindowManager: Reparenting to original parent: Surface(name=Task=5680)/@0x700fdb0, destroy=true, surface=Surface(name=ActivityRecord{b8f0ecd u0 com.Slack/slack.file.viewer.FileViewerActivity t5680})/@0xfaddef5
07-25 11:50:39.264  5282  6002 E WindowManager: win=Window{ac18ac2 u0 com.Slack/slack.features.home.HomeActivity} destroySurfaces: appStopped=true win.mWindowRemovalAllowed=false win.mRemoveOnExit=false win.mViewVisibility=8 caller=com.android.server.wm.ActivityRecord.destroySurfaces:5873 com.android.server.wm.ActivityRecord.destroySurfaces:5854 com.android.server.wm.ActivityRecord.notifyAppStopped:5918 com.android.server.wm.ActivityRecord.activityStopped:6560 com.android.server.wm.ActivityClientController.activityStopped:254 android.app.IActivityClientController$Stub.onTransact:596 com.android.server.wm.ActivityClientController.onTransact:130 
07-25 11:50:39.264  5282  6002 I WindowManager: Destroying surface Surface(name=com.Slack/slack.features.home.HomeActivity$_29240)/@0xf0b505c called by com.android.server.wm.WindowStateAnimator.destroySurface:987 com.android.server.wm.WindowStateAnimator.destroySurfaceLocked:518 com.android.server.wm.WindowState.destroySurfaceUnchecked:4246 com.android.server.wm.WindowState.destroySurface:4220 com.android.server.wm.ActivityRecord.destroySurfaces:5873 com.android.server.wm.ActivityRecord.destroySurfaces:5854 com.android.server.wm.ActivityRecord.notifyAppStopped:5918 com.android.server.wm.ActivityRecord.activityStopped:6560 
07-25 11:50:39.324  5282  5472 D SGM:GameManager: identifyForegroundApp. com.Slack, mCurrentUserId: 0, callerUserId: 0
07-25 11:50:39.324  5282  5472 D SGM:PkgDataHelper: getGamePkgData(). com.Slack
07-25 11:50:39.953  5282 10222 D SGM:GameManager: identifyGamePackage. com.Slack, mCurrentUserId: 0, callerUserId: 0, callingMethodInfo: com.android.server.ssrm.SortingMachine.isGame(SortingMachine.java:162)
