07-25 11:50:39.953  5282 10222 D SGM:PkgDataHelper: getGamePkgData(). com.Slack
07-25 11:50:40.487  5282 10222 D SGM:GameManager: identifyGamePackage. com.Slack, mCurrentUserId: 0, callerUserId: 0, callingMethodInfo: com.android.server.ssrm.SortingMachine.isGame(SortingMachine.java:162)
07-25 11:50:40.487  5282 10222 D SGM:PkgDataHelper: getGamePkgData(). com.Slack
07-25 11:50:40.679  5282  7669 I ActivityTaskManager: START u0 {act=android.intent.action.VIEW dat=content://com.Slack.fileprovider/slack_files/Cheat_sheet_ADB.pdf typ=application/pdf flg=0x1 cmp=com.adobe.reader/.AdobeReader} from uid 10023
07-25 11:50:40.716  5282  7669 V WindowManager: Changing focus from Window{8d7c5ce u0 com.Slack/slack.file.viewer.FileViewerActivity} to null displayId=0 Callers=com.android.server.wm.RootWindowContainer.updateFocusedWindowLocked:583 com.android.server.wm.WindowManagerService.updateFocusedWindowLocked:6497 com.android.server.wm.ActivityTaskManagerService.setResumedActivityUncheckLocked:5556 com.android.server.wm.ActivityRecord.moveFocusableActivityToTop:3364 
07-25 11:50:40.717  5282  7669 D MARsPolicyManager: onPackageResumedFG pkgName = com.Slack, userId = 0
07-25 11:50:40.757  5282  5472 D SGM:GameManager: notePauseComponent(), received pkgName: com.Slack, userId: 0
07-25 11:50:41.041  5282  5473 D WindowManager: prepareDimAnimOnAnimating owner = Task{bef464e #5680 type=standard A=10023:com.Slack U=0 visible=false mode=fullscreen translucent=true sz=3}
07-25 11:50:41.043  5282  5473 D WindowManager: startDimAnimation owner = Task{bef464e #5680 type=standard A=10023:com.Slack U=0 visible=false mode=fullscreen translucent=true sz=3}
07-25 11:50:41.067  5282  5473 I WindowManager: Reparenting to leash, surface=Surface(name=98e5d24 Downloading)/@0x4970fb4, leashParent=Surface(name=ActivityRecord{b8f0ecd u0 com.Slack/slack.file.viewer.FileViewerActivity t5680})/@0xfaddef5
07-25 11:50:41.235  5282  5473 I WindowManager: Reparenting to original parent: Surface(name=ActivityRecord{b8f0ecd u0 com.Slack/slack.file.viewer.FileViewerActivity t5680})/@0xfaddef5, destroy=true, surface=Surface(name=98e5d24 Downloading)/@0x4970fb4
07-25 11:50:41.435  5282  5473 D WindowManager: clearDimAnimation owner = Task{bef464e #5680 type=standard A=10023:com.Slack U=0 visible=false mode=fullscreen translucent=true sz=3}, caller=com.android.server.wm.WindowContainer.onAnimationLeashLost:3129 com.android.server.wm.Task.onAnimationLeashLost:10221 com.android.server.wm.SurfaceAnimator.removeLeash:426 
07-25 11:50:41.436  5282  5473 V WindowManager: Setting visibility of Window{8d7c5ce u0 com.Slack/slack.file.viewer.FileViewerActivity}: false, caller=com.android.server.wm.WindowContainer.sendAppVisibilityToClients:1110 com.android.server.wm.WindowToken.setClientVisible:448 com.android.server.wm.ActivityRecord.setClientVisible:7040 com.android.server.wm.ActivityRecord.onAnimationFinished:7927 com.android.server.wm.WindowContainer.doAnimationFinished:3107 
07-25 11:50:41.493  5282  7669 E WindowManager: win=Window{8d7c5ce u0 com.Slack/slack.file.viewer.FileViewerActivity} destroySurfaces: appStopped=true win.mWindowRemovalAllowed=false win.mRemoveOnExit=false win.mViewVisibility=8 caller=com.android.server.wm.ActivityRecord.destroySurfaces:5873 com.android.server.wm.ActivityRecord.destroySurfaces:5854 com.android.server.wm.ActivityRecord.notifyAppStopped:5918 com.android.server.wm.ActivityRecord.activityStopped:6560 com.android.server.wm.ActivityClientController.activityStopped:254 android.app.IActivityClientController$Stub.onTransact:596 com.android.server.wm.ActivityClientController.onTransact:130 
07-25 11:50:41.493  5282  7669 I WindowManager: Destroying surface Surface(name=com.Slack/slack.file.viewer.FileViewerActivity$_29240)/@0xa15425b called by com.android.server.wm.WindowStateAnimator.destroySurface:987 com.android.server.wm.WindowStateAnimator.destroySurfaceLocked:518 com.android.server.wm.WindowState.destroySurfaceUnchecked:4246 com.android.server.wm.WindowState.destroySurface:4220 com.android.server.wm.ActivityRecord.destroySurfaces:5873 com.android.server.wm.ActivityRecord.destroySurfaces:5854 com.android.server.wm.ActivityRecord.notifyAppStopped:5918 com.android.server.wm.ActivityRecord.activityStopped:6560 
07-25 12:05:30.110  5282  5504 D MARs:ActiveTrafficFilter: filter : com.Slack(0)
07-25 12:51:53.213  5282  5488 I ActivityManager: Killing 29240:com.Slack/u0a23 (adj 850): excessive cpu 13090 during 300122 dur=1334932 limit=2
07-25 12:51:53.478  5282  7669 I WindowManager: WIN DEATH: Window{8d7c5ce u0 com.Slack/slack.file.viewer.FileViewerActivity}
07-25 12:51:53.483  5282  7677 I WindowManager: WIN DEATH: Window{ac18ac2 u0 com.Slack/slack.features.home.HomeActivity}
07-25 12:51:53.492  5282  6381 I WindowManager: WIN DEATH: Window{65a5b0d u0 com.Slack/slack.features.home.HomeActivity}
07-25 12:51:53.530  5282  5486 W UsageStatsService: Unexpected activity event reported! (com.Slack/slack.file.viewer.FileViewerActivity event : 23 instanceId : 231758481)
07-25 12:51:53.530  5282  5486 W UsageStatsService: Unexpected activity event reported! (com.Slack/slack.features.home.HomeActivity event : 23 instanceId : 239279433)
07-25 12:51:53.531  5282  5486 W UsageStatsService: Unexpected activity event reported! (com.Slack/slack.features.home.HomeActivity event : 23 instanceId : 249010000)
07-25 12:54:49.849  5282  5489 I ActivityManager: Start proc 25122:com.Slack/u0a23 for broadcast {com.Slack/com.google.firebase.iid.FirebaseInstanceIdReceiver}
07-25 12:54:49.849  5282  5489 D ActivityManager: [SecIpm] it's a ML_TYPE_EMPTYPROCESS protected process com.Slack
07-25 12:54:49.924  5282  6313 I ActivityManager: DSS OFF for com.Slack
07-25 12:54:49.934  5282  6313 D ActivityManager: attachApplicationLocked() app=ProcessRecord{5681e2a 25122:com.Slack/u0a23} app.isolatedEntryPoint=null instr2=null
07-25 12:54:49.943 25122 25122 D ActivityThread: handleBindApplication()++ app=com.Slack
07-25 12:54:50.076 25122 25122 D LoadedApk: LoadedApk::makeApplication() appContext.mOpPackageName=com.Slack appContext.mBasePackageName=com.Slack
07-25 12:54:52.645  5282  5282 D EdgeLightingManager: showForNotification : isInteractive=false, isHeadUp=true, color=0, canBypassDnd=false, sbn = StatusBarNotification(pkg=com.Slack user=UserHandle{0} id=979554404 tag=null key=0|com.Slack|979554404|null|10023: Notification(channel=TUBAE2LK0-1-messages_mentions shortcut=null contentView=null vibrate=null sound=null defaults=0x0 flags=0x210 color=0xff1a1d21 category=msg groupKey=TUBAE2LK0 actions=2 vis=PRIVATE publicVersion=Notification(channel=TUBAE2LK0-1-messages_mentions shortcut=null contentView=null vibrate=null sound=null defaults=0x0 flags=0x10 color=0xff1a1d21 category=msg vis=PRIVATE semFlags=0x0 semPriority=0 semMissedCount=0) semFlags=0x0 semPriority=0 semMissedCount=0))
07-25 12:54:52.646  5282  5282 D EdgeLightingPolicyManager.NotificationGroup: updateNotificationData replace :0|com.Slack|g:TUBAE2LK0, group  size=3
07-25 12:54:52.687  5282  5282 D EdgeLightingManager: showForNotification : isInteractive=false, isHeadUp=true, color=0, canBypassDnd=false, sbn = StatusBarNotification(pkg=com.Slack user=UserHandle{0} id=797275660 tag=null key=0|com.Slack|797275660|null|10023: Notification(channel=TUBAE2LK0-1-messages_mentions shortcut=C090Y842943 contentView=null vibrate=null sound=null defaults=0x0 flags=0x10 color=0xff1a1d21 category=msg groupKey=TUBAE2LK0 actions=2 vis=PRIVATE publicVersion=Notification(channel=TUBAE2LK0-1-messages_mentions shortcut=null contentView=null vibrate=null sound=null defaults=0x0 flags=0x10 color=0xff1a1d21 category=msg vis=PRIVATE semFlags=0x0 semPriority=0 semMissedCount=0) semFlags=0x0 semPriority=0 semMissedCount=0))
07-25 12:54:52.688  5282  5282 D EdgeLightingPolicyManager.NotificationGroup: group key = 0|com.Slack|g:TUBAE2LK0 ,value= summary :  NotificationData { tag= null }  , child : 1key = 0|com.Slack|797275660|null|10023 , value =  NotificationData { tag= null } , } 
07-25 12:54:52.688  5282  5282 D EdgeLightingPolicyManager: isAcceptableApplication:  pkg=com.Slack , range=1 , includeAllApp=false , userId=0 , infoRange=0 , infoCategory=0
07-25 12:54:52.689  5282  5282 D EdgeLightingManager: showEdgeLightingInternal : packageName = com.Slack, reason=1
07-25 12:54:52.689  5282  5282 D EdgeLightingClientManager: startEdgeLightingService : pkg = com.Slack, info = SemEdgeLighitngInfo{type = 2001, colors= [0, 0], repeat= 0, userId = 0}, reason = 1
07-25 12:54:52.699  5282  5282 D EdgeLightingClientManager: startService packagename=com.Slack,reason=1
07-25 12:54:53.186  5282 25310 D VibratorManagerService: vibrate - uid: 1000, opPkg: android, effect: Mono{mEffect=Composed{segments=[SemHaptic{mType=50033, mRepeat=-1, mMagnitude=-1, mMagnitudeType=TYPE_NOTIFICATION}], repeat=-1, mMagnitudeType=TYPE_EXTRA}}, attrs: VibrationAttributes: Usage=NOTIFICATION Audio Usage= USAGE_NOTIFICATION Flags=0, reason: Notification (com.Slack 10023) (Delayed), token: android.os.Binder@53e5297
07-25 12:54:53.192  5282 25310 V VibratorManagerService: semPatternVibrate - package: android, reason: Notification (com.Slack 10023) (Delayed), repeat: -1, token: android.os.Binder@53e5297, mag: 9999, TYPE_NOTIFICATION
07-25 13:00:01.400  5282  5282 D EdgeLightingPolicyManager.NotificationGroup: group key = 0|com.Slack|g:TUBAE2LK0 ,value= summary :  NotificationData { tag= null }  , child : 1key = 0|com.Slack|797275660|null|10023 , value =  NotificationData { tag= null } , } 
07-25 13:10:32.390  5282  5504 D MARs:ActiveTrafficFilter: filter : com.Slack(0)
07-25 13:22:34.032  5282  5282 D EdgeLightingPolicyManager.NotificationGroup: group key = 0|com.Slack|g:TUBAE2LK0 ,value= summary :  NotificationData { tag= null }  , child : 1key = 0|com.Slack|797275660|null|10023 , value =  NotificationData { tag= null } , } 
07-25 13:22:35.670  5282  5282 D EdgeLightingPolicyManager.NotificationGroup: group key = 0|com.Slack|g:TUBAE2LK0 ,value= summary :  NotificationData { tag= null }  , child : 1key = 0|com.Slack|797275660|null|10023 , value =  NotificationData { tag= null } , } 
07-25 13:23:12.384  5282  5282 D EdgeLightingPolicyManager.NotificationGroup: group key = 0|com.Slack|g:TUBAE2LK0 ,value= summary :  NotificationData { tag= null }  , child : 1key = 0|com.Slack|797275660|null|10023 , value =  NotificationData { tag= null } , } 
07-25 13:23:39.819  5282  7685 I ActivityTaskManager: START u0 {flg=0x24000000 cmp=com.Slack/slack.features.home.HomeActivity (has extras)} from uid 10023
07-25 13:23:39.827  5282  7685 D ActivityTaskManager: TaskLaunchParamsModifier:task=null activity=ActivityRecord{bb0904 u0 com.Slack/slack.features.home.HomeActivity display-from-option=0 display-id=0 display-windowing-mode=1 suggested-display-area=DefaultTaskDisplayArea@88505351
07-25 13:23:39.827  5282  7685 W ActivityTaskManager: startActivity called from non-Activity context; forcing Intent.FLAG_ACTIVITY_NEW_TASK for: Intent { flg=0x24000000 cmp=com.Slack/slack.features.home.HomeActivity (has extras) }
07-25 13:23:39.828  5282  7685 D ActivityTaskManager: TaskLaunchParamsModifier:task=Task{bef464e #5680 type=standard A=10023:com.Slack U=0 visible=false mode=fullscreen translucent=true sz=3} activity=ActivityRecord{bb0904 u0 com.Slack/slack.features.home.HomeActivity t-1} display-from-option=0 display-id=0 display-windowing-mode=1 suggested-display-area=DefaultTaskDisplayArea@88505351 non-freeform-display display-area=DefaultTaskDisplayArea@88505351 maximized-bounds
07-25 13:23:39.828  5282  7685 I Pageboost: moveTaskToFront : 10023:com.Slack
07-25 13:23:39.834  5282  7685 D SGM:GameManager:   sendRunningComponentFocus(), pkgName: com.Slack, userId: 0
07-25 13:23:39.834  5282  5640 D SGM:GameManager: onLooperPrepared(), msg: MSG_TASK_FOCUSED, pkgName: com.Slack, userId: 0
07-25 13:23:39.835  5282  5640 D SGM:GameManager:   handleTaskFocused(), pkgName: com.Slack, userID:0 mResumedPkgMap does not containsKey.
07-25 13:23:39.841  5282  7685 I ActivityTaskManager: Removing activity ActivityRecord{b8f0ecd u0 com.Slack/slack.file.viewer.FileViewerActivity t5680 f}}(finish-imm:finishIfPossible hadNoApp)  from stack callers=com.android.server.wm.ActivityRecord.destroyImmediately:4020 com.android.server.wm.ActivityRecord.destroyIfPossible:3905 com.android.server.wm.ActivityRecord.completeFinishing:3869 com.android.server.wm.ActivityRecord.completeFinishing:3760 com.android.server.wm.ActivityRecord.finishIfPossible:3699 
07-25 13:23:39.848  5282  7685 D ActivityManager: Received ACTIVITY intent 0x61f11d0 Key{startActivity pkg=com.Slack intent=flg=0x24000000 cmp=com.Slack/slack.features.home.HomeActivity flags=0x4000000 u=0} requestCode=797275660 res=2 from uid 10119
07-25 13:23:39.854  5282  6381 D MARsPolicyManager: onPackageResumedFG pkgName = com.Slack, userId = 0
07-25 13:23:39.855  5282  6381 D WindowManager: rotationForOrientation, orientationSource=ActivityRecord{32d4cba u0 com.Slack/slack.features.home.HomeActivity t5680}
07-25 13:23:39.855  5282  6381 D WindowManager: rotationForOrientation, orientationSource=ActivityRecord{32d4cba u0 com.Slack/slack.features.home.HomeActivity t5680}
07-25 13:23:39.855  5282  5282 D EdgeLightingManager: hideForNotification : packageName = com.Slack
07-25 13:23:39.856  5282  5282 D EdgeLightingPolicyManager:NotificationGroup: remove : sbn : StatusBarNotification(pkg=com.Slack user=UserHandle{0} id=797275660 tag=null key=0|com.Slack|797275660|null|10023: Notification(channel=TUBAE2LK0-1-messages_mentions shortcut=C090Y842943 contentView=null vibrate=null sound=null defaults=0x0 flags=0x10 color=0xff1a1d21 category=msg groupKey=TUBAE2LK0 actions=2 vis=PRIVATE publicVersion=Notification(channel=TUBAE2LK0-1-messages_mentions shortcut=null contentView=null vibrate=null sound=null defaults=0x0 flags=0x10 color=0xff1a1d21 category=msg vis=PRIVATE semFlags=0x0 semPriority=0 semMissedCount=0) semFlags=0x2008 semPriority=0 semMissedCount=0))
07-25 13:23:39.857  5282  5282 D EdgeLightingManager: hideForNotification : packageName = com.Slack
07-25 13:23:39.857  5282  5282 D EdgeLightingPolicyManager:NotificationGroup: remove : sbn : StatusBarNotification(pkg=com.Slack user=UserHandle{0} id=979554404 tag=null key=0|com.Slack|979554404|null|10023: Notification(channel=TUBAE2LK0-1-messages_mentions shortcut=null contentView=null vibrate=null sound=null defaults=0x0 flags=0x210 color=0xff1a1d21 category=msg groupKey=TUBAE2LK0 actions=2 vis=PRIVATE publicVersion=Notification(channel=TUBAE2LK0-1-messages_mentions shortcut=null contentView=null vibrate=null sound=null defaults=0x0 flags=0x10 color=0xff1a1d21 category=msg vis=PRIVATE semFlags=0x0 semPriority=0 semMissedCount=0) semFlags=0x0 semPriority=0 semMissedCount=0))
07-25 13:23:39.861  5282  6381 D WindowManager: rotationForOrientation, orientationSource=ActivityRecord{32d4cba u0 com.Slack/slack.features.home.HomeActivity t5680}
07-25 13:23:39.862  5282  6381 D SGM:PkgDataHelper: notifyAppCreate(), pkgName: com.Slack, userId: 0, sendRet: true
07-25 13:23:39.862  5282  5640 D SGM:GameManager: onLooperPrepared(), msg: MSG_APP_CREATE, pkgName: com.Slack, userId: 0
07-25 13:23:39.864  5282  6381 D SGM:GameManager:   sendRunningComponentFocus(), pkgName: com.Slack, userId: 0
07-25 13:23:39.864  5282  5640 D SGM:GameManager: onLooperPrepared(), msg: MSG_TASK_FOCUSED, pkgName: com.Slack, userId: 0
07-25 13:23:39.864  5282  5640 D SGM:GameManager:   handleTaskFocused(), pkgName: com.Slack, userID:0
07-25 13:23:39.864  5282  5640 D SGM:GameManager:   handleResume(). pkgName: com.Slack, userId: 0, isTunableApp: null
07-25 13:23:39.864  5282  5640 D SGM:GameManager: notifyFocusInOut(). of pkg: com.Slack, type: 4, isMinimized: false, isTunableApp: false, userId: 0
07-25 13:23:39.880  5282  5639 V ActivityManager: Changed top to ProcessRecord{5681e2a 25122:com.Slack/u0a23}
07-25 13:23:39.881  5282  5486 W UsageStatsService: Unexpected activity event reported! (com.Slack/slack.file.viewer.FileViewerActivity event : 23 instanceId : 231758481)
07-25 13:23:39.886  5910  5973 D StartingSurfaceDrawer: addSplashScreen com.Slack theme=7f14013c task=5680 suggestType=1
07-25 13:23:39.902  5282  7685 D SGM:GameManager: identifyForegroundApp. com.Slack, mCurrentUserId: 0, callerUserId: 0
07-25 13:23:39.902  5282  7685 D SGM:PkgDataHelper: getGamePkgData(). com.Slack
07-25 13:23:39.905  5282  7600 D SGM:GameManager: identifyGamePackage. com.Slack, mCurrentUserId: 0, callerUserId: 0, callingMethodInfo: com.samsung.android.game.IGameManagerService$Stub.onTransact(IGameManagerService.java:242)
07-25 13:23:39.905  5282  7600 D SGM:PkgDataHelper: getGamePkgData(). com.Slack
07-25 13:23:39.918  5282  5472 D SGM:GameManager: identifyGamePackage. com.Slack, mCurrentUserId: 0, callerUserId: 0, callingMethodInfo: com.samsung.android.game.SemGameManager.isGamePackage(SemGameManager.java:104)
07-25 13:23:39.918  5282  5472 D SGM:PkgDataHelper: getGamePkgData(). com.Slack
07-25 13:23:39.918  5282  5472 D SGM:SemGameManager: isGamePackage(), pkgName=com.Slack, ret=false
07-25 13:23:39.919  5282  6381 D WindowManager: makeSurface duration=1 name=Splash Screen com.Slack$_5910
07-25 13:23:39.926  5282  5472 I GameSDK@LifeCycle: noteResumeComponent(): package name  : com.Slack
07-25 13:23:39.927  5282  5472 D SGM:GameManager: noteResumeComponent(), received pkgName: com.Slack, userId: 0
07-25 13:23:39.927  5282  5640 D SGM:GameManager: onLooperPrepared(), msg: MSG_APP_RESUME, pkgName: com.Slack, userid: 0
07-25 13:23:39.928  5282  5472 D SGM:GameManager: identifyGamePackage. com.Slack, mCurrentUserId: 0, callerUserId: 0, callingMethodInfo: com.android.server.ssrm.fgapps.GameAppUtils.isGame(GameAppUtils.java:84)
07-25 13:23:39.928  5282  5472 D SGM:PkgDataHelper: getGamePkgData(). com.Slack
07-25 13:23:39.929  5282  5472 D SGM:GameManager: identifyGamePackage. com.Slack, mCurrentUserId: 0, callerUserId: 0, callingMethodInfo: com.android.server.ssrm.SortingMachine.isGame(SortingMachine.java:162)
07-25 13:23:39.929  5282  5472 D SGM:PkgDataHelper: getGamePkgData(). com.Slack
07-25 13:23:39.954  5282  7685 D WindowManager: finishDrawingWindow: Window{775bd5d u0 Splash Screen com.Slack} mDrawState=DRAW_PENDING
07-25 13:23:40.022  5282  6044 D MdnieScenarioControlService:  packageName : com.Slack    className : slack.features.home.HomeActivity
07-25 13:23:41.215  5282  5695 D WindowManager: makeSurface duration=1 name=com.Slack/slack.features.home.HomeActivity$_25122
07-25 13:23:41.217  5282  5695 V WindowManager: Changing focus from null to Window{b664d45 u0 com.Slack/slack.features.home.HomeActivity} displayId=0 Callers=com.android.server.wm.RootWindowContainer.updateFocusedWindowLocked:583 com.android.server.wm.WindowManagerService.updateFocusedWindowLocked:6497 com.android.server.wm.WindowManagerService.relayoutWindow:2770 com.android.server.wm.Session.relayout:242 
07-25 13:23:41.217  5282  5695 D MARsPolicyManager: onPackageResumedFG pkgName = com.Slack, userId = 0
07-25 13:23:41.276  5282  7685 D WindowManager: finishDrawingWindow: Window{b664d45 u0 com.Slack/slack.features.home.HomeActivity} mDrawState=DRAW_PENDING
07-25 13:23:41.281  5282  5473 I WindowManager: Reparenting to leash, surface=Surface(name=b664d45 com.Slack/slack.features.home.HomeActivity)/@0x6b51e3e, leashParent=Surface(name=ActivityRecord{32d4cba u0 com.Slack/slack.features.home.HomeActivity t5680})/@0x76b926d
07-25 13:23:41.283  5282  5473 D WindowManager: makeSurface duration=2 leash=Surface(name=Surface(name=b664d45 com.Slack/slack.features.home.HomeActivity)/@0x6b51e3e - animation-leash of starting_reveal)/@0xc48f49f
07-25 13:23:41.308  5282  5469 I Pageboost: Launch time gathered : pid 25122 com.Slack 1462
07-25 13:23:41.346  5282  7685 I WindowManager: Reparenting to leash, surface=Surface(name=775bd5d Splash Screen com.Slack)/@0x52e6733, leashParent=Surface(name=ActivityRecord{32d4cba u0 com.Slack/slack.features.home.HomeActivity t5680})/@0x76b926d
07-25 13:23:41.348  5282  7685 D WindowManager: makeSurface duration=2 leash=Surface(name=Surface(name=775bd5d Splash Screen com.Slack)/@0x52e6733 - animation-leash of window_animation)/@0xca5aaf0
07-25 13:23:41.353  5282  7685 I WindowManager: Cancelling animation restarting=false, leash=Surface(name=Surface(name=b664d45 com.Slack/slack.features.home.HomeActivity)/@0x6b51e3e - animation-leash of starting_reveal)/@0xc48f49f
07-25 13:23:41.353  5282  7685 I WindowManager: Reparenting to original parent: Surface(name=ActivityRecord{32d4cba u0 com.Slack/slack.features.home.HomeActivity t5680})/@0x76b926d, destroy=false, surface=Surface(name=b664d45 com.Slack/slack.features.home.HomeActivity)/@0x6b51e3e
07-25 13:23:41.410  5282  5473 I WindowManager: Reparenting to original parent: Surface(name=ActivityRecord{32d4cba u0 com.Slack/slack.features.home.HomeActivity t5680})/@0x76b926d, destroy=true, surface=Surface(name=775bd5d Splash Screen com.Slack)/@0x52e6733
07-25 13:23:41.411  5282  5473 E WindowManager: win=Window{775bd5d u0 Splash Screen com.Slack EXITING} destroySurfaces: appStopped=false win.mWindowRemovalAllowed=true win.mRemoveOnExit=true win.mViewVisibility=8 caller=com.android.server.wm.ActivityRecord.destroySurfaces:5873 com.android.server.wm.ActivityRecord.destroySurfaces:5854 com.android.server.wm.WindowState.onExitAnimationDone:6000 com.android.server.wm.WindowStateAnimator.onAnimationFinished:242 com.android.server.wm.WindowState.onAnimationFinished:6253 com.android.server.wm.WindowContainer$$ExternalSyntheticLambda0.onAnimationFinished:2 com.android.server.wm.SurfaceAnimator.lambda$getFinishedCallback$0$SurfaceAnimator:113 
07-25 13:23:41.411  5282  5473 I WindowManager: Destroying surface Surface(name=Splash Screen com.Slack$_5910)/@0x299effa called by com.android.server.wm.WindowStateAnimator.destroySurface:987 com.android.server.wm.WindowStateAnimator.destroySurfaceLocked:518 com.android.server.wm.WindowState.destroySurfaceUnchecked:4246 com.android.server.wm.WindowState.destroySurface:4220 com.android.server.wm.ActivityRecord.destroySurfaces:5873 com.android.server.wm.ActivityRecord.destroySurfaces:5854 com.android.server.wm.WindowState.onExitAnimationDone:6000 com.android.server.wm.WindowStateAnimator.onAnimationFinished:242 
07-25 13:23:41.454  5282  6044 D MdnieScenarioControlService:  packageName : com.Slack    className : slack.features.home.HomeActivity
07-25 13:23:41.720  5282  5472 D SGM:GameManager: identifyForegroundApp. com.Slack, mCurrentUserId: 0, callerUserId: 0
07-25 13:23:41.721  5282  5472 D SGM:PkgDataHelper: getGamePkgData(). com.Slack
07-25 13:23:42.298  5282  5472 D SGM:GameManager: identifyForegroundApp. com.Slack, mCurrentUserId: 0, callerUserId: 0
07-25 13:23:42.298  5282  5472 D SGM:PkgDataHelper: getGamePkgData(). com.Slack
07-25 13:23:43.401  5282  7684 D SGM:GameManager: identifyForegroundApp. com.Slack, mCurrentUserId: 0, callerUserId: 0
07-25 13:23:43.401  5282  7684 D SGM:PkgDataHelper: getGamePkgData(). com.Slack
07-25 13:23:45.943  5282 10222 D SGM:GameManager: identifyGamePackage. com.Slack, mCurrentUserId: 0, callerUserId: 0, callingMethodInfo: com.android.server.ssrm.SortingMachine.isGame(SortingMachine.java:162)
07-25 13:23:45.943  5282 10222 D SGM:PkgDataHelper: getGamePkgData(). com.Slack
07-25 13:23:47.902  5282  7652 D SGM:GameManager: identifyForegroundApp. com.Slack, mCurrentUserId: 0, callerUserId: 0
07-25 13:23:47.903  5282  7652 D SGM:PkgDataHelper: getGamePkgData(). com.Slack
07-25 13:23:53.467  5282  7677 D SGM:GameManager: identifyForegroundApp. com.Slack, mCurrentUserId: 0, callerUserId: 0
07-25 13:23:53.467  5282  7677 D SGM:PkgDataHelper: getGamePkgData(). com.Slack
07-25 13:24:11.283  5282  6328 D WindowManager: Moved rootTask=Task{b3e6a17 #1 type=home ?? U=0 visible=false mode=fullscreen translucent=true sz=1} behind rootTask=Task{bef464e #5680 type=standard A=10023:com.Slack U=0 visible=true mode=fullscreen translucent=false sz=2}
07-25 13:24:11.359  5282  7685 V WindowManager: Changing focus from Window{b664d45 u0 com.Slack/slack.features.home.HomeActivity} to null displayId=0 Callers=com.android.server.wm.RootWindowContainer.updateFocusedWindowLocked:583 com.android.server.wm.WindowManagerService.updateFocusedWindowLocked:6497 com.android.server.wm.WindowManagerService.relayoutWindow:2770 com.android.server.wm.Session.relayout:242 
07-25 13:24:11.359  5282  7685 D MARsPolicyManager: onPackageResumedFG pkgName = com.Slack, userId = 0
07-25 13:24:11.461  5282  6044 D MdnieScenarioControlService:  packageName : com.Slack    className : slack.features.home.HomeActivity
07-25 13:24:11.784  5282  5695 D WindowManager: onAnimationFinished(): targetRootTask=Task{b3e6a17 #1 type=home ?? U=0 visible=false mode=fullscreen translucent=false sz=1} targetActivity=ActivityRecord{7f80cda u0 com.sec.android.app.launcher/.activities.LauncherActivity t4055} mRestoreTargetBehindRootTask=Task{bef464e #5680 type=standard A=10023:com.Slack U=0 visible=true mode=fullscreen translucent=false sz=2}
07-25 13:24:11.808  5282  5695 V WindowManager: Setting visibility of Window{b664d45 u0 com.Slack/slack.features.home.HomeActivity}: false, caller=com.android.server.wm.WindowContainer.sendAppVisibilityToClients:1110 com.android.server.wm.WindowToken.setClientVisible:448 com.android.server.wm.ActivityRecord.setClientVisible:7040 com.android.server.wm.ActivityRecord.onAnimationFinished:7927 com.android.server.wm.ActivityRecord.postApplyAnimation:5604 
07-25 13:24:11.858  5282  5472 D SGM:GameManager: notePauseComponent(), received pkgName: com.Slack, userId: 0
07-25 13:24:11.965  5282  7600 E WindowManager: win=Window{b664d45 u0 com.Slack/slack.features.home.HomeActivity} destroySurfaces: appStopped=true win.mWindowRemovalAllowed=false win.mRemoveOnExit=false win.mViewVisibility=8 caller=com.android.server.wm.ActivityRecord.destroySurfaces:5873 com.android.server.wm.ActivityRecord.destroySurfaces:5854 com.android.server.wm.ActivityRecord.notifyAppStopped:5918 com.android.server.wm.ActivityRecord.activityStopped:6560 com.android.server.wm.ActivityClientController.activityStopped:254 android.app.IActivityClientController$Stub.onTransact:596 com.android.server.wm.ActivityClientController.onTransact:130 
07-25 13:24:11.965  5282  7600 I WindowManager: Destroying surface Surface(name=com.Slack/slack.features.home.HomeActivity$_25122)/@0x80ec9d9 called by com.android.server.wm.WindowStateAnimator.destroySurface:987 com.android.server.wm.WindowStateAnimator.destroySurfaceLocked:518 com.android.server.wm.WindowState.destroySurfaceUnchecked:4246 com.android.server.wm.WindowState.destroySurface:4220 com.android.server.wm.ActivityRecord.destroySurfaces:5873 com.android.server.wm.ActivityRecord.destroySurfaces:5854 com.android.server.wm.ActivityRecord.notifyAppStopped:5918 com.android.server.wm.ActivityRecord.activityStopped:6560 
07-25 13:24:12.349  5282  6479 I ActivityTaskManager: Removing activity ActivityRecord{9c5fd49 u0 com.Slack/slack.features.home.HomeActivity t5680 f}}(finish-imm:finishIfPossible hadNoApp)  from stack callers=com.android.server.wm.ActivityRecord.destroyImmediately:4020 com.android.server.wm.ActivityRecord.destroyIfPossible:3905 com.android.server.wm.ActivityRecord.completeFinishing:3869 com.android.server.wm.ActivityRecord.completeFinishing:3760 com.android.server.wm.ActivityRecord.finishIfPossible:3699 
07-25 13:24:12.357  5282  5472 I ActivityManager: Killing 25122:com.Slack/u0a23 (adj 850): remove task:remove-task
07-25 13:24:12.358  5282  5472 D ActivityManager: [SD] user menu kill listen remove action name:com.Slack uid:10023
07-25 13:24:12.360  5282  5486 W UsageStatsService: Unexpected activity event reported! (com.Slack/slack.features.home.HomeActivity event : 23 instanceId : 249010000)
07-25 13:24:12.500  5282  7669 I WindowManager: WIN DEATH: Window{b664d45 u0 com.Slack/slack.features.home.HomeActivity}
07-25 13:24:12.512  5282  7872 I ActivityTaskManager: Removing activity ActivityRecord{32d4cba u0 com.Slack/slack.features.home.HomeActivity t5680 f}}(appDied)  from stack callers=com.android.server.wm.ActivityRecord.handleAppDied:4292 com.android.server.wm.WindowProcessController.handleAppDied:1297 com.android.server.wm.ActivityTaskManagerService$LocalService.handleAppDied:7119 com.android.server.am.ActivityManagerService.handleAppDiedLocked:3665 com.android.server.am.ActivityManagerService.appDiedLocked:3855 
07-25 13:24:12.525  5282  5486 W UsageStatsService: Unexpected activity event reported! (com.Slack/slack.features.home.HomeActivity event : 23 instanceId : 239279433)
07-25 14:33:50.134  9318  9318 W Monkey  : args: [-p, com.Slack, -c, android.intent.category.LAUNCHER, 1]
07-25 14:33:50.135  9318  9318 W Monkey  :  arg: "com.Slack"
07-25 14:33:50.135  9318  9318 W Monkey  : data="com.Slack"
07-25 14:33:50.263  5282  7612 I ActivityTaskManager: START u0 {act=android.intent.action.MAIN cat=[android.intent.category.LAUNCHER] flg=0x10200000 cmp=com.Slack/slack.features.home.HomeActivity} from uid 2000
07-25 14:33:50.275  5282  7612 D ActivityTaskManager: TaskLaunchParamsModifier:task=null activity=ActivityRecord{26eea23 u0 com.Slack/slack.features.home.HomeActivity display-id=0 display-windowing-mode=1 suggested-display-area=DefaultTaskDisplayArea@88505351
07-25 14:33:50.276  5282  7612 D [secipm]: mSecIpmManager Preload com.Slack dex files
07-25 14:33:50.277  5282  7612 D ActivityTaskManager: TaskLaunchParamsModifier:task=null activity=ActivityRecord{26eea23 u0 com.Slack/slack.features.home.HomeActivity t-1} display-id=0 display-windowing-mode=1 suggested-display-area=DefaultTaskDisplayArea@88505351 non-freeform-display display-area=DefaultTaskDisplayArea@88505351 maximized-bounds
07-25 14:33:50.279  5282  6397 D PkgPredictorService-IpmAdcpController: create a new DexPreloadTask pkg:com.Slack  path:/data/app/~~OpuQyFu9fjQasV22-Wv2dw==/com.Slack-QktD22ucV4o7oU49kZ6LHg==
07-25 14:33:50.283  5282  6397 D PkgPredictorService-IpmAdcpController: /data/app/~~OpuQyFu9fjQasV22-Wv2dw==/com.Slack-QktD22ucV4o7oU49kZ6LHg==/oat/arm64/base.art size 1729536
07-25 14:33:50.283  5282  7612 D ActivityTaskManager: TaskLaunchParamsModifier:task=Task{c592cd9 #5702 type=standard A=10023:com.Slack U=0 visible=false mode=fullscreen translucent=true sz=0} activity=ActivityRecord{26eea23 u0 com.Slack/slack.features.home.HomeActivity t-1} display-from-task=0 display-id=0 display-windowing-mode=1 suggested-display-area=DefaultTaskDisplayArea@88505351 non-freeform-display display-area=DefaultTaskDisplayArea@88505351 maximized-bounds
07-25 14:33:50.295  5126  6609 I SurfaceFlinger: id=150954 createSurf (0x0),-1 flag=80004, ActivityRecord{26eea23 u0 com.Slack/slack.features.home.HomeActivity t5702}#0
07-25 14:33:50.301  5282  7612 D MARsPolicyManager: onPackageResumedFG pkgName = com.Slack, userId = 0
07-25 14:33:50.303  5910  5973 D StartingSurfaceDrawer: addSplashScreen com.Slack theme=7f14013c task=5702 suggestType=3
07-25 14:33:50.326  5126  6609 I SurfaceFlinger: id=150955 createSurf (0x0),-1 flag=80004, 9c72577 Splash Screen com.Slack#0
07-25 14:33:50.342  5282  5995 V WindowManager: Relayout Window{9c72577 u0 Splash Screen com.Slack}: viewVisibility=0 req=1080x2340 d0
07-25 14:33:50.343  5126  5243 I SurfaceFlinger: id=150956 createSurf (1080x2340),-3 flag=40004, Splash Screen com.Slack$_5910#0
07-25 14:33:50.343  5282  5995 D WindowManager: makeSurface duration=1 name=Splash Screen com.Slack$_5910
07-25 14:33:50.370  5282  5695 D WindowManager: finishDrawingWindow: Window{9c72577 u0 Splash Screen com.Slack} mDrawState=DRAW_PENDING
07-25 14:33:50.377  5282  5489 I ActivityManager: Start proc 9333:com.Slack/u0a23 for top-activity {com.Slack/slack.features.home.HomeActivity}
07-25 14:33:50.377  5282  5489 D ActivityManager: [SecIpm] it's a ML_TYPE_EMPTYPROCESS protected process com.Slack
07-25 14:33:50.405  9333  9333 I com.Slack: Using CollectorTypeCC GC.
07-25 14:33:50.412  9333  9333 E USNET   : USNET: appName: com.Slack
07-25 14:33:50.417  5282  7686 I ActivityManager: DSS OFF for com.Slack
07-25 14:33:50.422  5282  7686 D ActivityManager: attachApplicationLocked() app=ProcessRecord{6620a4d 9333:com.Slack/u0a23} app.isolatedEntryPoint=null instr2=null
07-25 14:33:50.427  5282  7686 D SGM:PkgDataHelper: notifyAppCreate(), pkgName: com.Slack, userId: 0, sendRet: true
07-25 14:33:50.428  5282  5640 D SGM:GameManager: onLooperPrepared(), msg: MSG_APP_CREATE, pkgName: com.Slack, userId: 0
07-25 14:33:50.428  5282  7686 D MARsPolicyManager: onPackageResumedFG pkgName = com.Slack, userId = 0
07-25 14:33:50.430  5282  7686 D SGM:GameManager:   sendRunningComponentFocus(), pkgName: com.Slack, userId: 0
07-25 14:33:50.430  5282  5640 D SGM:GameManager: onLooperPrepared(), msg: MSG_TASK_FOCUSED, pkgName: com.Slack, userId: 0
07-25 14:33:50.430  5282  5640 D SGM:GameManager:   handleTaskFocused(), pkgName: com.Slack, userID:0
07-25 14:33:50.432  5282  5639 V ActivityManager: Changed top to ProcessRecord{6620a4d 9333:com.Slack/u0a23}
07-25 14:33:50.432  9333  9333 D ActivityThread: handleBindApplication()++ app=com.Slack
07-25 14:33:50.439 10707 10707 I Utils   : HomePackage : com.sec.android.app.launcher, resumePackageName : com.Slack
07-25 14:33:50.440  5282  5472 D SGM:GameManager: identifyGamePackage. com.Slack, mCurrentUserId: 0, callerUserId: 0, callingMethodInfo: com.samsung.android.game.SemGameManager.isGamePackage(SemGameManager.java:104)
07-25 14:33:50.440  5282  5472 D SGM:PkgDataHelper: getGamePkgData(). com.Slack
07-25 14:33:50.440  5282  5472 D SGM:SemGameManager: isGamePackage(), pkgName=com.Slack, ret=false
07-25 14:33:50.441  5282  5472 I GameSDK@LifeCycle: noteResumeComponent(): package name  : com.Slack
07-25 14:33:50.441  5282  5472 D SGM:GameManager: noteResumeComponent(), received pkgName: com.Slack, userId: 0
07-25 14:33:50.441  5282  5640 D SGM:GameManager: onLooperPrepared(), msg: MSG_APP_RESUME, pkgName: com.Slack, userid: 0
07-25 14:33:50.442  5282  5472 D SGM:GameManager: identifyGamePackage. com.Slack, mCurrentUserId: 0, callerUserId: 0, callingMethodInfo: com.android.server.ssrm.fgapps.GameAppUtils.isGame(GameAppUtils.java:84)
07-25 14:33:50.442  5282  5472 D SGM:PkgDataHelper: getGamePkgData(). com.Slack
07-25 14:33:50.443  5282  5472 D SGM:GameManager: identifyGamePackage. com.Slack, mCurrentUserId: 0, callerUserId: 0, callingMethodInfo: com.android.server.ssrm.SortingMachine.isGame(SortingMachine.java:162)
07-25 14:33:50.443  5282  5472 D SGM:PkgDataHelper: getGamePkgData(). com.Slack
07-25 14:33:50.577  5282  6044 D MdnieScenarioControlService:  packageName : com.Slack    className : slack.features.home.HomeActivity
07-25 14:33:50.666  9333  9333 W com.Slack: Failed to find entry 'classes.dex': Entry not found
07-25 14:33:50.668  9333  9333 W com.Slack: Failed to find entry 'classes.dex': Entry not found
07-25 14:33:50.671  9333  9333 D nativeloader: Configuring clns-4 for other apk /data/app/~~OpuQyFu9fjQasV22-Wv2dw==/com.Slack-QktD22ucV4o7oU49kZ6LHg==/base.apk:/data/app/~~OpuQyFu9fjQasV22-Wv2dw==/com.Slack-QktD22ucV4o7oU49kZ6LHg==/split_config.arm64_v8a.apk:/data/app/~~OpuQyFu9fjQasV22-Wv2dw==/com.Slack-QktD22ucV4o7oU49kZ6LHg==/split_config.xxhdpi.apk. target_sdk_version=35, uses_libraries=, library_path=/data/app/~~OpuQyFu9fjQasV22-Wv2dw==/com.Slack-QktD22ucV4o7oU49kZ6LHg==/lib/arm64:/data/app/~~OpuQyFu9fjQasV22-Wv2dw==/com.Slack-QktD22ucV4o7oU49kZ6LHg==/base.apk!/lib/arm64-v8a:/data/app/~~OpuQyFu9fjQasV22-Wv2dw==/com.Slack-QktD22ucV4o7oU49kZ6LHg==/split_config.arm64_v8a.apk!/lib/arm64-v8a:/data/app/~~OpuQyFu9fjQasV22-Wv2dw==/com.Slack-QktD22ucV4o7oU49kZ6LHg==/split_config.xxhdpi.apk!/lib/arm64-v8a, permitted_path=/data:/mnt/expand:/data/user/0/com.Slack
07-25 14:33:50.690  9333  9333 V GraphicsEnvironment: ANGLE Developer option for 'com.Slack' set to: 'default'
07-25 14:33:50.693  9333  9333 D LoadedApk: LoadedApk::makeApplication() appContext.mOpPackageName=com.Slack appContext.mBasePackageName=com.Slack
07-25 14:33:50.804  5282  7612 W ProcessStats: Tracking association SourceState{93f8bfe com.Slack/10023 Top #1829332} whose proc state 1 is better than process ProcessState{707ff67 com.google.android.gms/10206 pkg=com.google.android.gms} proc state 7 (3 skipped)
07-25 14:33:50.859  9333  9375 D nativeloader: Load /data/app/~~OpuQyFu9fjQasV22-Wv2dw==/com.Slack-QktD22ucV4o7oU49kZ6LHg==/split_config.arm64_v8a.apk!/lib/arm64-v8a/libbugsnag-root-detection.so using class loader ns clns-4 (caller=/data/app/~~OpuQyFu9fjQasV22-Wv2dw==/com.Slack-QktD22ucV4o7oU49kZ6LHg==/base.apk): ok
07-25 14:33:50.932  5282  5472 W ActivityTaskManager: Activity top resumed state loss timeout for ActivityRecord{26eea23 u0 com.Slack/slack.features.home.HomeActivity t5702}
07-25 14:33:50.933  5282  5472 W ActivityTaskManager: Activity pause timeout for ActivityRecord{26eea23 u0 com.Slack/slack.features.home.HomeActivity t5702}
07-25 14:33:50.934  5282  5472 D SGM:GameManager: notePauseComponent(), received pkgName: com.Slack, userId: 0
07-25 14:33:50.975  9333  9373 D nativeloader: Load /data/app/~~OpuQyFu9fjQasV22-Wv2dw==/com.Slack-QktD22ucV4o7oU49kZ6LHg==/split_config.arm64_v8a.apk!/lib/arm64-v8a/libbugsnag-ndk.so using class loader ns clns-4 (caller=/data/app/~~OpuQyFu9fjQasV22-Wv2dw==/com.Slack-QktD22ucV4o7oU49kZ6LHg==/base.apk): ok
07-25 14:33:51.027  9333  9373 D nativeloader: Load /data/app/~~OpuQyFu9fjQasV22-Wv2dw==/com.Slack-QktD22ucV4o7oU49kZ6LHg==/split_config.arm64_v8a.apk!/lib/arm64-v8a/libbugsnag-plugin-android-anr.so using class loader ns clns-4 (caller=/data/app/~~OpuQyFu9fjQasV22-Wv2dw==/com.Slack-QktD22ucV4o7oU49kZ6LHg==/base.apk): ok
07-25 14:33:51.047  5282  7623 D ConnectivityService: requestNetwork for uid/pid:10023/9333 activeRequest: null callbackRequest: 46619 [NetworkRequest [ REQUEST id=46620, [ Capabilities: INTERNET&NOT_RESTRICTED&TRUSTED&NOT_VCN_MANAGED Uid: 10023 RequestorUid: 10023 RequestorPkg: com.Slack UnderlyingNetworks: Null] ]] callback flags: 0 order: 2147483647 isUidTracked: false declaredMethods: AVAIL|UNAVAIL
07-25 14:33:51.048  5282  5746 D ConnectivityService:    accepting network in place of null for NetworkRequest [ REQUEST id=46620, [ Capabilities: INTERNET&NOT_RESTRICTED&TRUSTED&NOT_VCN_MANAGED Uid: 10023 RequestorUid: 10023 RequestorPkg: com.Slack UnderlyingNetworks: Null] ]
07-25 14:33:51.049  5282  5736 D WifiNetworkFactory: got request NetworkRequest [ REQUEST id=46620, [ Capabilities: INTERNET&NOT_RESTRICTED&TRUSTED&NOT_VCN_MANAGED Uid: 10023 RequestorUid: 10023 RequestorPkg: com.Slack UnderlyingNetworks: Null] ]
07-25 14:33:51.049  5282  5736 D UntrustedWifiNetworkFactory: got request NetworkRequest [ REQUEST id=46620, [ Capabilities: INTERNET&NOT_RESTRICTED&TRUSTED&NOT_VCN_MANAGED Uid: 10023 RequestorUid: 10023 RequestorPkg: com.Slack UnderlyingNetworks: Null] ]
07-25 14:33:51.049  5282  5736 D OemPaidWifiNetworkFactory: got request NetworkRequest [ REQUEST id=46620, [ Capabilities: INTERNET&NOT_RESTRICTED&TRUSTED&NOT_VCN_MANAGED Uid: 10023 RequestorUid: 10023 RequestorPkg: com.Slack UnderlyingNetworks: Null] ]
07-25 14:33:51.166  9333  9333 D nativeloader: Load /data/app/~~OpuQyFu9fjQasV22-Wv2dw==/com.Slack-QktD22ucV4o7oU49kZ6LHg==/split_config.arm64_v8a.apk!/lib/arm64-v8a/libsqlite3x.so using class loader ns clns-4 (caller=/data/app/~~OpuQyFu9fjQasV22-Wv2dw==/com.Slack-QktD22ucV4o7oU49kZ6LHg==/base.apk!classes2.dex): ok
07-25 14:33:51.521  5282  7623 D ConnectivityService: requestNetwork for uid/pid:10023/9333 activeRequest: null callbackRequest: 46622 [NetworkRequest [ REQUEST id=46623, [ Capabilities: INTERNET&NOT_RESTRICTED&TRUSTED&NOT_VCN_MANAGED Uid: 10023 RequestorUid: 10023 RequestorPkg: com.Slack UnderlyingNetworks: Null] ]] callback flags: 0 order: 2147483647 isUidTracked: false declaredMethods: AVAIL|LOST|NC
07-25 14:33:51.521  5282  5746 D ConnectivityService:    accepting network in place of null for NetworkRequest [ REQUEST id=46623, [ Capabilities: INTERNET&NOT_RESTRICTED&TRUSTED&NOT_VCN_MANAGED Uid: 10023 RequestorUid: 10023 RequestorPkg: com.Slack UnderlyingNetworks: Null] ]
07-25 14:33:51.524  5282  5736 D WifiNetworkFactory: got request NetworkRequest [ REQUEST id=46623, [ Capabilities: INTERNET&NOT_RESTRICTED&TRUSTED&NOT_VCN_MANAGED Uid: 10023 RequestorUid: 10023 RequestorPkg: com.Slack UnderlyingNetworks: Null] ]
07-25 14:33:51.525  5282  5736 D UntrustedWifiNetworkFactory: got request NetworkRequest [ REQUEST id=46623, [ Capabilities: INTERNET&NOT_RESTRICTED&TRUSTED&NOT_VCN_MANAGED Uid: 10023 RequestorUid: 10023 RequestorPkg: com.Slack UnderlyingNetworks: Null] ]
07-25 14:33:51.525  5282  5736 D OemPaidWifiNetworkFactory: got request NetworkRequest [ REQUEST id=46623, [ Capabilities: INTERNET&NOT_RESTRICTED&TRUSTED&NOT_VCN_MANAGED Uid: 10023 RequestorUid: 10023 RequestorPkg: com.Slack UnderlyingNetworks: Null] ]
07-25 14:33:51.637  9333  9488 E SQLiteLog: (283) recovered 285 frames from WAL file /data/data/com.Slack/databases/org_TUBAE2LK0-wal
07-25 14:33:51.656  9333  9419 D nativeloader: Load /data/app/~~OpuQyFu9fjQasV22-Wv2dw==/com.Slack-QktD22ucV4o7oU49kZ6LHg==/split_config.arm64_v8a.apk!/lib/arm64-v8a/libsyncer-jni.so using class loader ns clns-4 (caller=/data/app/~~OpuQyFu9fjQasV22-Wv2dw==/com.Slack-QktD22ucV4o7oU49kZ6LHg==/base.apk!classes2.dex): ok
07-25 14:33:51.768  9333  9333 D nativeloader: Load /data/app/~~OpuQyFu9fjQasV22-Wv2dw==/com.Slack-QktD22ucV4o7oU49kZ6LHg==/split_config.arm64_v8a.apk!/lib/arm64-v8a/libroot-detect.so using class loader ns clns-4 (caller=/data/app/~~OpuQyFu9fjQasV22-Wv2dw==/com.Slack-QktD22ucV4o7oU49kZ6LHg==/base.apk!classes4.dex): ok
07-25 14:33:51.788  9333  9509 E SQLiteLog: (283) recovered 560 frames from WAL file /data/data/com.Slack/databases/telemetry_db-wal
07-25 14:33:52.128  9333  9424 E SQLiteLog: (283) recovered 4 frames from WAL file /data/data/com.Slack/databases/TUBAE2LK0-wal
07-25 14:33:52.203  9333  9333 I MSHandlerLifeCycle: isMultiSplitHandlerRequested: ignored. pkg=com.Slack parent=null callers=com.android.internal.policy.DecorView.setVisibility:4295 android.app.ActivityThread.handleResumeActivity:5383 android.app.servertransaction.ResumeActivityItem.execute:54 android.app.servertransaction.ActivityTransactionItem.execute:45 android.app.servertransaction.TransactionExecutor.executeLifecycleState:176 
07-25 14:33:52.242  9333  9333 I MSHandlerLifeCycle: isMultiSplitHandlerRequested: ignored. pkg=com.Slack parent=null callers=com.android.internal.policy.DecorView.hasMultiSplitHandlerInNonFreeformMode:891 com.android.internal.policy.DecorView.notifyKeepScreenOnChanged:885 android.view.ViewRootImpl.applyKeepScreenOnFlag:2945 android.view.ViewRootImpl.collectViewAttributes:2969 android.view.ViewRootImpl.setView:1558 
07-25 14:33:52.245  5126  5243 I SurfaceFlinger: id=150957 createSurf (0x0),-1 flag=80004, 5c4e15e com.Slack/slack.features.home.HomeActivity#0
07-25 14:33:55.300  5282  7623 V WindowManager: Relayout Window{5c4e15e u0 com.Slack/slack.features.home.HomeActivity}: viewVisibility=0 req=1080x2340 d0
07-25 14:33:55.302  5126  5243 I SurfaceFlinger: id=150958 createSurf (1x1),-3 flag=40004, com.Slack/slack.features.home.HomeActivity$_9333#0
07-25 14:33:55.303  5282  7623 D WindowManager: makeSurface duration=2 name=com.Slack/slack.features.home.HomeActivity$_9333
07-25 14:33:55.849  5282  7585 D WindowManager: finishDrawingWindow: Window{5c4e15e u0 com.Slack/slack.features.home.HomeActivity} mDrawState=DRAW_PENDING
07-25 14:33:56.381  5282  7585 V WindowManager: Relayout Window{5c4e15e u0 com.Slack/slack.features.home.HomeActivity}: viewVisibility=4 req=1080x2340 d0
07-25 14:33:56.478  5282 10222 D SGM:GameManager: identifyGamePackage. com.Slack, mCurrentUserId: 0, callerUserId: 0, callingMethodInfo: com.android.server.ssrm.SortingMachine.isGame(SortingMachine.java:162)
07-25 14:33:56.478  5282 10222 D SGM:PkgDataHelper: getGamePkgData(). com.Slack
07-25 14:33:56.595  5282  7623 D PackageManager: setEnabledSetting : userId = 0 packageName = com.Slack cmp = slack.features.customstatus.widget.CustomStatusWidgetReceiver newState = 2 callingPackage = 10023/com.Slack
07-25 14:33:56.704  5282  7623 V WindowManager: Setting visibility of Window{5c4e15e u0 com.Slack/slack.features.home.HomeActivity}: false, caller=com.android.server.wm.WindowContainer.sendAppVisibilityToClients:1110 com.android.server.wm.WindowToken.setClientVisible:448 com.android.server.wm.ActivityRecord.setClientVisible:7040 com.android.server.wm.ActivityRecord.notifyAppStopped:5916 com.android.server.wm.ActivityRecord.activityStopped:6560 
07-25 14:33:56.705  5282  7623 E WindowManager: win=Window{5c4e15e u0 com.Slack/slack.features.home.HomeActivity} destroySurfaces: appStopped=true win.mWindowRemovalAllowed=false win.mRemoveOnExit=false win.mViewVisibility=4 caller=com.android.server.wm.ActivityRecord.destroySurfaces:5873 com.android.server.wm.ActivityRecord.destroySurfaces:5854 com.android.server.wm.ActivityRecord.notifyAppStopped:5918 com.android.server.wm.ActivityRecord.activityStopped:6560 com.android.server.wm.ActivityClientController.activityStopped:254 android.app.IActivityClientController$Stub.onTransact:596 com.android.server.wm.ActivityClientController.onTransact:130 
07-25 14:33:56.705  5282  7623 I WindowManager: Destroying surface Surface(name=com.Slack/slack.features.home.HomeActivity$_9333)/@0x6e066be called by com.android.server.wm.WindowStateAnimator.destroySurface:987 com.android.server.wm.WindowStateAnimator.destroySurfaceLocked:518 com.android.server.wm.WindowState.destroySurfaceUnchecked:4246 com.android.server.wm.WindowState.destroySurface:4220 com.android.server.wm.ActivityRecord.destroySurfaces:5873 com.android.server.wm.ActivityRecord.destroySurfaces:5854 com.android.server.wm.ActivityRecord.notifyAppStopped:5918 com.android.server.wm.ActivityRecord.activityStopped:6560 
07-25 14:33:56.709  5282  5473 I WindowManager: Reparenting to leash, surface=Surface(name=5c4e15e com.Slack/slack.features.home.HomeActivity)/@0x1cdd31f, leashParent=Surface(name=ActivityRecord{26eea23 u0 com.Slack/slack.features.home.HomeActivity t5702})/@0x3f0866c
07-25 14:33:56.710  5126  6609 I SurfaceFlinger: id=150959 createSurf (0x0),-1 flag=24000, Surface(name=5c4e15e com.Slack/slack.features.home.HomeActivity)/@0x1cdd31f - animation-leash of starting_reveal#0
07-25 14:33:56.711  5282  5473 D WindowManager: makeSurface duration=1 leash=Surface(name=Surface(name=5c4e15e com.Slack/slack.features.home.HomeActivity)/@0x1cdd31f - animation-leash of starting_reveal)/@0x9e65435
07-25 14:33:56.720  5126  5126 I Layer   : id=150958 removeFromCurrentState com.Slack/slack.features.home.HomeActivity$_9333#0 (125)
07-25 14:33:56.720  5126  5126 I SurfaceFlinger: id=150958 Removed com.Slack/slack.features.home.HomeActivity$_9333#0 (125)
07-25 14:33:56.721  5126  5126 I Layer   : id=150958 Destroyed com.Slack/slack.features.home.HomeActivity$_9333#0
07-25 14:33:56.763  5282  7623 V WindowManager: Relayout Window{5c4e15e u0 com.Slack/slack.features.home.HomeActivity}: viewVisibility=8 req=1080x2340 d0
07-25 14:33:56.800  5282  7623 V WindowManager: Relayout Window{9c72577 u0 Splash Screen com.Slack}: viewVisibility=8 req=1080x2340 d0
07-25 14:33:56.801  5282  7623 E WindowManager: win=Window{9c72577 u0 Splash Screen com.Slack} destroySurfaces: appStopped=true win.mWindowRemovalAllowed=false win.mRemoveOnExit=false win.mViewVisibility=8 caller=com.android.server.wm.WindowManagerService.tryStartExitingAnimation:2971 com.android.server.wm.WindowManagerService.relayoutWindow:2695 com.android.server.wm.Session.relayout:242 android.view.IWindowSession$Stub.onTransact:790 com.android.server.wm.Session.onTransact:176 android.os.Binder.execTransactInternal:1215 android.os.Binder.execTransact:1179 
07-25 14:33:56.801  5282  7623 I WindowManager: Destroying surface Surface(name=Splash Screen com.Slack$_5910)/@0xa959d58 called by com.android.server.wm.WindowStateAnimator.destroySurface:987 com.android.server.wm.WindowStateAnimator.destroySurfaceLocked:518 com.android.server.wm.WindowState.destroySurfaceUnchecked:4246 com.android.server.wm.WindowState.destroySurface:4220 com.android.server.wm.WindowManagerService.tryStartExitingAnimation:2971 com.android.server.wm.WindowManagerService.relayoutWindow:2695 com.android.server.wm.Session.relayout:242 android.view.IWindowSession$Stub.onTransact:790 
07-25 14:33:56.804  5126  5126 I Layer   : id=150956 removeFromCurrentState Splash Screen com.Slack$_5910#0 (124)
07-25 14:33:56.811  5126  6609 I SurfaceFlinger: id=150956 Removed Splash Screen com.Slack$_5910#0 (124)
07-25 14:33:56.812  5282  7623 I WindowManager: Cancelling animation restarting=false, leash=Surface(name=Surface(name=5c4e15e com.Slack/slack.features.home.HomeActivity)/@0x1cdd31f - animation-leash of starting_reveal)/@0x9e65435
07-25 14:33:56.812  5282  7623 I WindowManager: Reparenting to original parent: Surface(name=ActivityRecord{26eea23 u0 com.Slack/slack.features.home.HomeActivity t5702})/@0x3f0866c, destroy=false, surface=Surface(name=5c4e15e com.Slack/slack.features.home.HomeActivity)/@0x1cdd31f
07-25 14:33:56.813  5282  7623 W InputManager-JNI: Input channel object '9c72577 Splash Screen com.Slack (client)' was disposed without first being removed with the input manager!
07-25 14:33:56.820  5126  5126 I Layer   : id=150959 removeFromCurrentState Surface(name=5c4e15e com.Slack/slack.features.home.HomeActivity)/@0x1cdd31f - animation-leash of starting_reveal#0 (124)
07-25 14:33:56.821  5126  5126 I Layer   : id=150955 removeFromCurrentState 9c72577 Splash Screen com.Slack#0 (124)
07-25 14:33:56.821  5126  5126 I SurfaceFlinger: id=150955 Removed 9c72577 Splash Screen com.Slack#0 (124)
07-25 14:33:56.822  5126  5126 I Layer   : id=150956 Destroyed Splash Screen com.Slack$_5910#0
07-25 14:33:56.822  5126  5126 I Layer   : id=150955 Destroyed 9c72577 Splash Screen com.Slack#0
07-25 14:33:57.947  9333  9589 D ProfileInstaller: Skipping profile installation for com.Slack
